
Discarded input sections

 .data          0x0000000000000000        0x0 build/obj/crt0_v7m.o
 .bss           0x0000000000000000        0x0 build/obj/crt0_v7m.o
 .data          0x0000000000000000        0x0 build/obj/chcoreasm_v7m.o
 .bss           0x0000000000000000        0x0 build/obj/chcoreasm_v7m.o
 .text          0x0000000000000000        0x0 build/obj/crt1.o (symbol from plugin)
 .text          0x0000000000000000        0x0 /tmp/ccweVGv9.ltrans0.ltrans.o
 .data          0x0000000000000000        0x0 /tmp/ccweVGv9.ltrans0.ltrans.o
 .bss           0x0000000000000000        0x0 /tmp/ccweVGv9.ltrans0.ltrans.o
 .text          0x0000000000000000        0x0 /tmp/ccweVGv9.ltrans1.ltrans.o
 .data          0x0000000000000000        0x0 /tmp/ccweVGv9.ltrans1.ltrans.o
 .bss           0x0000000000000000        0x0 /tmp/ccweVGv9.ltrans1.ltrans.o
 .text          0x0000000000000000        0x0 /tmp/ccweVGv9.ltrans2.ltrans.o
 .data          0x0000000000000000        0x0 /tmp/ccweVGv9.ltrans2.ltrans.o
 .bss           0x0000000000000000        0x0 /tmp/ccweVGv9.ltrans2.ltrans.o
 .text          0x0000000000000000        0x0 /tmp/ccweVGv9.ltrans3.ltrans.o
 .data          0x0000000000000000        0x0 /tmp/ccweVGv9.ltrans3.ltrans.o
 .bss           0x0000000000000000        0x0 /tmp/ccweVGv9.ltrans3.ltrans.o
 .text          0x0000000000000000        0x0 /tmp/ccweVGv9.ltrans4.ltrans.o
 .data          0x0000000000000000        0x0 /tmp/ccweVGv9.ltrans4.ltrans.o
 .bss           0x0000000000000000        0x0 /tmp/ccweVGv9.ltrans4.ltrans.o
 .text          0x0000000000000000        0x0 /tmp/ccweVGv9.ltrans5.ltrans.o
 .data          0x0000000000000000        0x0 /tmp/ccweVGv9.ltrans5.ltrans.o
 .bss           0x0000000000000000        0x0 /tmp/ccweVGv9.ltrans5.ltrans.o
 .text          0x0000000000000000        0x0 /tmp/ccweVGv9.ltrans6.ltrans.o
 .data          0x0000000000000000        0x0 /tmp/ccweVGv9.ltrans6.ltrans.o
 .bss           0x0000000000000000        0x0 /tmp/ccweVGv9.ltrans6.ltrans.o
 .text          0x0000000000000000        0x0 /tmp/ccweVGv9.ltrans7.ltrans.o
 .data          0x0000000000000000        0x0 /tmp/ccweVGv9.ltrans7.ltrans.o
 .bss           0x0000000000000000        0x0 /tmp/ccweVGv9.ltrans7.ltrans.o
 .text          0x0000000000000000        0x0 build/obj/vectors.o (symbol from plugin)
 .text          0x0000000000000000        0x0 build/obj/chsys.o (symbol from plugin)
 .text          0x0000000000000000        0x0 build/obj/chdebug.o (symbol from plugin)
 .text          0x0000000000000000        0x0 build/obj/chtrace.o (symbol from plugin)
 .text          0x0000000000000000        0x0 build/obj/chvt.o (symbol from plugin)
 .text          0x0000000000000000        0x0 build/obj/chschd.o (symbol from plugin)
 .text          0x0000000000000000        0x0 build/obj/chthreads.o (symbol from plugin)
 .text          0x0000000000000000        0x0 build/obj/chregistry.o (symbol from plugin)
 .text          0x0000000000000000        0x0 build/obj/chsem.o (symbol from plugin)
 .text          0x0000000000000000        0x0 build/obj/chmtx.o (symbol from plugin)
 .text          0x0000000000000000        0x0 build/obj/chcond.o (symbol from plugin)
 .text          0x0000000000000000        0x0 build/obj/chevents.o (symbol from plugin)
 .text          0x0000000000000000        0x0 build/obj/chmsg.o (symbol from plugin)
 .text          0x0000000000000000        0x0 build/obj/chdynamic.o (symbol from plugin)
 .text          0x0000000000000000        0x0 build/obj/chmboxes.o (symbol from plugin)
 .text          0x0000000000000000        0x0 build/obj/chmemcore.o (symbol from plugin)
 .text          0x0000000000000000        0x0 build/obj/chheap.o (symbol from plugin)
 .text          0x0000000000000000        0x0 build/obj/chmempools.o (symbol from plugin)
 .text          0x0000000000000000        0x0 build/obj/chcore.o (symbol from plugin)
 .text          0x0000000000000000        0x0 build/obj/chcore_v7m.o (symbol from plugin)
 .text          0x0000000000000000        0x0 build/obj/osal.o (symbol from plugin)
 .text          0x0000000000000000        0x0 build/obj/hal.o (symbol from plugin)
 .text          0x0000000000000000        0x0 build/obj/hal_st.o (symbol from plugin)
 .text          0x0000000000000000        0x0 build/obj/hal_buffers.o (symbol from plugin)
 .text          0x0000000000000000        0x0 build/obj/hal_queues.o (symbol from plugin)
 .text          0x0000000000000000        0x0 build/obj/hal_mmcsd.o (symbol from plugin)
 .text          0x0000000000000000        0x0 build/obj/hal_pal.o (symbol from plugin)
 .text          0x0000000000000000        0x0 build/obj/hal_serial.o (symbol from plugin)
 .text          0x0000000000000000        0x0 build/obj/nvic.o (symbol from plugin)
 .text          0x0000000000000000        0x0 build/obj/hal_lld.o (symbol from plugin)
 .text          0x0000000000000000        0x0 build/obj/stm32_dma.o (symbol from plugin)
[...]
Memory Configuration

Name             Origin             Length             Attributes
flash0           0x0000000008000000 0x0000000000020000
flash1           0x0000000000000000 0x0000000000000000
flash2           0x0000000000000000 0x0000000000000000
flash3           0x0000000000000000 0x0000000000000000
flash4           0x0000000000000000 0x0000000000000000
flash5           0x0000000000000000 0x0000000000000000
flash6           0x0000000000000000 0x0000000000000000
flash7           0x0000000000000000 0x0000000000000000
ram0             0x0000000020000000 0x0000000000002000
ram1             0x0000000000000000 0x0000000000000000
ram2             0x0000000000000000 0x0000000000000000
ram3             0x0000000000000000 0x0000000000000000
ram4             0x0000000000000000 0x0000000000000000
ram5             0x0000000000000000 0x0000000000000000
ram6             0x0000000000000000 0x0000000000000000
ram7             0x0000000000000000 0x0000000000000000
*default*        0x0000000000000000 0xffffffffffffffff

Linker script and memory map

LOAD build/obj/crt0_v7m.o
LOAD build/obj/chcoreasm_v7m.o
LOAD build/obj/crt1.o
LOAD /tmp/ccweVGv9.ltrans0.ltrans.o
LOAD /tmp/ccweVGv9.ltrans1.ltrans.o
LOAD /tmp/ccweVGv9.ltrans2.ltrans.o
LOAD /tmp/ccweVGv9.ltrans3.ltrans.o
LOAD /tmp/ccweVGv9.ltrans4.ltrans.o
LOAD /tmp/ccweVGv9.ltrans5.ltrans.o
LOAD /tmp/ccweVGv9.ltrans6.ltrans.o
LOAD /tmp/ccweVGv9.ltrans7.ltrans.o
LOAD build/obj/vectors.o
LOAD build/obj/chsys.o
LOAD build/obj/chdebug.o
LOAD build/obj/chtrace.o
LOAD build/obj/chvt.o
LOAD build/obj/chschd.o
LOAD build/obj/chthreads.o
LOAD build/obj/chregistry.o
LOAD build/obj/chsem.o
LOAD build/obj/chmtx.o
LOAD build/obj/chcond.o
LOAD build/obj/chevents.o
LOAD build/obj/chmsg.o
LOAD build/obj/chdynamic.o
LOAD build/obj/chmboxes.o
LOAD build/obj/chmemcore.o
LOAD build/obj/chheap.o
LOAD build/obj/chmempools.o
LOAD build/obj/chcore.o
LOAD build/obj/chcore_v7m.o
LOAD build/obj/osal.o
LOAD build/obj/hal.o
LOAD build/obj/hal_st.o
LOAD build/obj/hal_buffers.o
LOAD build/obj/hal_queues.o
LOAD build/obj/hal_mmcsd.o
LOAD build/obj/hal_pal.o
LOAD build/obj/hal_serial.o
LOAD build/obj/nvic.o
LOAD build/obj/hal_lld.o
LOAD build/obj/stm32_dma.o
LOAD build/obj/hal_pal_lld.o
LOAD build/obj/hal_st_lld.o
LOAD build/obj/hal_serial_lld.o
LOAD build/obj/board.o
LOAD build/obj/ch_test.o
LOAD build/obj/test_root.o
LOAD build/obj/test_sequence_001.o
LOAD build/obj/test_sequence_002.o
LOAD build/obj/test_sequence_003.o
LOAD build/obj/test_sequence_004.o
LOAD build/obj/test_sequence_005.o
LOAD build/obj/test_sequence_006.o
LOAD build/obj/test_sequence_007.o
LOAD build/obj/test_sequence_008.o
LOAD build/obj/test_sequence_009.o
LOAD build/obj/test_sequence_010.o
LOAD build/obj/test_sequence_011.o
LOAD build/obj/test_sequence_012.o
LOAD build/obj/test_sequence_013.o
LOAD build/obj/main.o

.mstack         0x0000000020000000      0x400
                0x0000000020000000                . = ALIGN (0x8)
                0x0000000020000000                __main_stack_base__ = .
                0x0000000020000400                . = (. + __main_stack_size__)
 *fill*         0x0000000020000000      0x400 
                0x0000000020000400                . = ALIGN (0x8)
                0x0000000020000400                __main_stack_end__ = .

.pstack         0x0000000020000400      0x400
                0x0000000020000400                __process_stack_base__ = .
                0x0000000020000400                __main_thread_stack_base__ = .
                0x0000000020000800                . = (. + __process_stack_size__)
 *fill*         0x0000000020000400      0x400 
                0x0000000020000800                . = ALIGN (0x8)
                0x0000000020000800                __process_stack_end__ = .
                0x0000000020000800                __main_thread_stack_end__ = .

.vectors        0x0000000008000000      0x180
 *(.vectors)
 .vectors       0x0000000008000000      0x180 /tmp/ccweVGv9.ltrans1.ltrans.o
                0x0000000008000000                _vectors

.xtors          0x0000000008000180        0x0
                0x0000000008000180                __init_array_start = .
 *(SORT(.init_array.*))
 *(.init_array)
                0x0000000008000180                __init_array_end = .
                0x0000000008000180                __fini_array_start = .
 *(.fini_array)
 *(SORT(.fini_array.*))
                0x0000000008000180                __fini_array_end = .

.text           0x0000000008000180     0x6e10
 *(.text)
 .text          0x0000000008000180       0xd4 build/obj/crt0_v7m.o
                0x0000000008000180                Reset_Handler
 .text          0x0000000008000254       0x28 build/obj/chcoreasm_v7m.o
                0x0000000008000254                _port_switch
                0x0000000008000264                _port_thread_start
                0x0000000008000274                _port_switch_from_isr
                0x0000000008000278                _port_exit_from_isr
 *(.text.*)
 *fill*         0x000000000800027c        0x4 
 .text.tmo.10681
                0x0000000008000280       0x10 /tmp/ccweVGv9.ltrans0.ltrans.o
                0x0000000008000280                tmo.10681
 .text.test_012_002_setup.10521
                0x0000000008000290       0x20 /tmp/ccweVGv9.ltrans0.ltrans.o
                0x0000000008000290                test_012_002_setup.10521
 .text.null_provider.10247
                0x00000000080002b0       0x10 /tmp/ccweVGv9.ltrans0.ltrans.o
                0x00000000080002b0                null_provider.10247
 .text.test_004_001_setup.9048
                0x00000000080002c0       0x10 /tmp/ccweVGv9.ltrans0.ltrans.o
                0x00000000080002c0                test_004_001_setup.9048
 .text.test_002_004_execute.8644
                0x00000000080002d0       0x20 /tmp/ccweVGv9.ltrans0.ltrans.o
                0x00000000080002d0                test_002_004_execute.8644
 .text.test_002_003_execute.8642
                0x00000000080002f0       0x30 /tmp/ccweVGv9.ltrans0.ltrans.o
                0x00000000080002f0                test_002_003_execute.8642
 .text.notify1.8219
                0x0000000008000320       0x20 /tmp/ccweVGv9.ltrans0.ltrans.o
                0x0000000008000320                notify1.8219
 .text.SVC_Handler
                0x0000000008000340       0x20 /tmp/ccweVGv9.ltrans0.ltrans.o
                0x0000000008000340                SVC_Handler
 .text.chCoreAllocAlignedWithOffset
                0x0000000008000360       0x50 /tmp/ccweVGv9.ltrans0.ltrans.o
                0x0000000008000360                chCoreAllocAlignedWithOffset
 .text.wakeup.4670
                0x00000000080003b0       0x80 /tmp/ccweVGv9.ltrans0.ltrans.o
                0x00000000080003b0                wakeup.4670
 .text.chSysIntegrityCheckI.4415
                0x0000000008000430       0xa0 /tmp/ccweVGv9.ltrans0.ltrans.o
 .text._idle_thread.4314
                0x00000000080004d0       0x10 /tmp/ccweVGv9.ltrans0.ltrans.o
                0x00000000080004d0                _idle_thread.4314
 .text.chThdYield.4374
                0x00000000080004e0       0x60 /tmp/ccweVGv9.ltrans0.ltrans.o
 .text.bmk_thread8.10684
                0x0000000008000540       0x30 /tmp/ccweVGv9.ltrans0.ltrans.o
                0x0000000008000540                bmk_thread8.10684
 .text.test_terminate_threads
                0x0000000008000570       0x40 /tmp/ccweVGv9.ltrans0.ltrans.o
                0x0000000008000570                test_terminate_threads
 .text.test_emit_token
                0x00000000080005b0       0x30 /tmp/ccweVGv9.ltrans0.ltrans.o
                0x00000000080005b0                test_emit_token
 .text.dyn_thread1.10516
                0x00000000080005e0       0x10 /tmp/ccweVGv9.ltrans0.ltrans.o
                0x00000000080005e0                dyn_thread1.10516
 .text.h1.9871  0x00000000080005f0       0x10 /tmp/ccweVGv9.ltrans0.ltrans.o
                0x00000000080005f0                h1.9871
 .text.h2.9868  0x0000000008000600       0x10 /tmp/ccweVGv9.ltrans0.ltrans.o
                0x0000000008000600                h2.9868
 .text.h3.9865  0x0000000008000610       0x10 /tmp/ccweVGv9.ltrans0.ltrans.o
                0x0000000008000610                h3.9865
 .text.thread.8784
                0x0000000008000620       0x10 /tmp/ccweVGv9.ltrans0.ltrans.o
                0x0000000008000620                thread.8784
 .text.test_println
                0x0000000008000630       0x40 /tmp/ccweVGv9.ltrans0.ltrans.o
                0x0000000008000630                test_println
 .text.test_print
                0x0000000008000670       0x30 /tmp/ccweVGv9.ltrans0.ltrans.o
                0x0000000008000670                test_print
 .text._test_assert_sequence
                0x00000000080006a0       0x60 /tmp/ccweVGv9.ltrans0.ltrans.o
                0x00000000080006a0                _test_assert_sequence
 .text._test_assert
                0x0000000008000700       0x40 /tmp/ccweVGv9.ltrans0.ltrans.o
                0x0000000008000700                _test_assert
 .text.test_002_001_execute.8664
                0x0000000008000740       0xc0 /tmp/ccweVGv9.ltrans0.ltrans.o
                0x0000000008000740                test_002_001_execute.8664
 .text.test_printn.part.0.8336
                0x0000000008000800       0x20 /tmp/ccweVGv9.ltrans0.ltrans.o
                0x0000000008000800                test_printn.part.0.8336
 .text.test_printn
                0x0000000008000820       0x70 /tmp/ccweVGv9.ltrans0.ltrans.o
                0x0000000008000820                test_printn
 .text.test_013_012_execute.10699
                0x0000000008000890      0x120 /tmp/ccweVGv9.ltrans0.ltrans.o
                0x0000000008000890                test_013_012_execute.10699
 .text.print_line.8334
                0x00000000080009b0       0x40 /tmp/ccweVGv9.ltrans0.ltrans.o
                0x00000000080009b0                print_line.8334
 .text.chVTDoResetI
                0x00000000080009f0       0x80 /tmp/ccweVGv9.ltrans0.ltrans.o
                0x00000000080009f0                chVTDoResetI
 .text._port_irq_epilogue
                0x0000000008000a70       0x60 /tmp/ccweVGv9.ltrans0.ltrans.o
                0x0000000008000a70                _port_irq_epilogue
 .text.chPoolAlloc
                0x0000000008000ad0       0x30 /tmp/ccweVGv9.ltrans0.ltrans.o
                0x0000000008000ad0                chPoolAlloc
 .text.chEvtAddEvents
                0x0000000008000b00       0x20 /tmp/ccweVGv9.ltrans0.ltrans.o
                0x0000000008000b00                chEvtAddEvents
 .text.chEvtUnregister
                0x0000000008000b20       0x30 /tmp/ccweVGv9.ltrans0.ltrans.o
                0x0000000008000b20                chEvtUnregister
 .text.chThdCreateSuspendedI
                0x0000000008000b50       0x90 /tmp/ccweVGv9.ltrans0.ltrans.o
                0x0000000008000b50                chThdCreateSuspendedI
 .text.chSchRescheduleS
                0x0000000008000be0       0x50 /tmp/ccweVGv9.ltrans0.ltrans.o
                0x0000000008000be0                chSchRescheduleS
 .text.chThdSetPriority
                0x0000000008000c30       0x30 /tmp/ccweVGv9.ltrans0.ltrans.o
                0x0000000008000c30                chThdSetPriority
 .text.test_003_003_execute.8789
                0x0000000008000c60       0xa0 /tmp/ccweVGv9.ltrans0.ltrans.o
                0x0000000008000c60                test_003_003_execute.8789
 .text.chSysRestoreStatusX.part.2.4326
                0x0000000008000d00       0x20 /tmp/ccweVGv9.ltrans0.ltrans.o
                0x0000000008000d00                chSysRestoreStatusX.part.2.4326
 .text.chSchWakeupS
                0x0000000008000d20       0x70 /tmp/ccweVGv9.ltrans0.ltrans.o
                0x0000000008000d20                chSchWakeupS
 .text.chSemSignal
                0x0000000008000d90       0x40 /tmp/ccweVGv9.ltrans0.ltrans.o
                0x0000000008000d90                chSemSignal
 .text.chSchGoSleepS
                0x0000000008000dd0       0x30 /tmp/ccweVGv9.ltrans0.ltrans.o
                0x0000000008000dd0                chSchGoSleepS
 .text.chMsgWait
                0x0000000008000e00       0x40 /tmp/ccweVGv9.ltrans0.ltrans.o
                0x0000000008000e00                chMsgWait
 .text.chSemWait
                0x0000000008000e40       0x50 /tmp/ccweVGv9.ltrans0.ltrans.o
                0x0000000008000e40                chSemWait
 .text.bmk_thread7.10687
                0x0000000008000e90       0x30 /tmp/ccweVGv9.ltrans0.ltrans.o
                0x0000000008000e90                bmk_thread7.10687
 .text.thread1.9234
                0x0000000008000ec0       0x20 /tmp/ccweVGv9.ltrans0.ltrans.o
                0x0000000008000ec0                thread1.9234
 .text.thread3.9237
                0x0000000008000ee0       0x20 /tmp/ccweVGv9.ltrans0.ltrans.o
                0x0000000008000ee0                thread3.9237
 .text.chSchReadyI
                0x0000000008000f00       0x30 /tmp/ccweVGv9.ltrans0.ltrans.o
                0x0000000008000f00                chSchReadyI
 .text.chMsgSend
                0x0000000008000f30       0x40 /tmp/ccweVGv9.ltrans0.ltrans.o
                0x0000000008000f30                chMsgSend
 .text.msg_thread1.9618
                0x0000000008000f70       0x30 /tmp/ccweVGv9.ltrans0.ltrans.o
                0x0000000008000f70                msg_thread1.9618
 .text.chEvtSignalI
                0x0000000008000fa0       0x30 /tmp/ccweVGv9.ltrans0.ltrans.o
                0x0000000008000fa0                chEvtSignalI
 .text.chEvtBroadcastFlagsI
                0x0000000008000fd0       0x30 /tmp/ccweVGv9.ltrans0.ltrans.o
                0x0000000008000fd0                chEvtBroadcastFlagsI
 .text.chMtxUnlockS
                0x0000000008001000       0x50 /tmp/ccweVGv9.ltrans0.ltrans.o
                0x0000000008001000                chMtxUnlockS
 .text.chMtxUnlock
                0x0000000008001050       0x70 /tmp/ccweVGv9.ltrans0.ltrans.o
                0x0000000008001050                chMtxUnlock
 .text.chMtxLockS
                0x00000000080010c0       0xd0 /tmp/ccweVGv9.ltrans0.ltrans.o
                0x00000000080010c0                chMtxLockS
 .text.chMtxLock
                0x0000000008001190       0x20 /tmp/ccweVGv9.ltrans0.ltrans.o
                0x0000000008001190                chMtxLock
 .text.thread1.9483
                0x00000000080011b0       0x30 /tmp/ccweVGv9.ltrans0.ltrans.o
                0x00000000080011b0                thread1.9483
 .text.thread9.9474
                0x00000000080011e0       0x30 /tmp/ccweVGv9.ltrans0.ltrans.o
                0x00000000080011e0                thread9.9474
 .text.chHeapStatus
                0x0000000008001210       0x70 /tmp/ccweVGv9.ltrans0.ltrans.o
                0x0000000008001210                chHeapStatus
 .text.chHeapFree
                0x0000000008001280       0xb0 /tmp/ccweVGv9.ltrans0.ltrans.o
                0x0000000008001280                chHeapFree
 .text.chSemSignalI
                0x0000000008001330       0x30 /tmp/ccweVGv9.ltrans0.ltrans.o
                0x0000000008001330                chSemSignalI
 .text.chSemReset
                0x0000000008001360       0x40 /tmp/ccweVGv9.ltrans0.ltrans.o
                0x0000000008001360                chSemReset
 .text.test_005_001_execute.9275
                0x00000000080013a0       0xd0 /tmp/ccweVGv9.ltrans0.ltrans.o
                0x00000000080013a0                test_005_001_execute.9275
 .text.test_005_001_teardown.9253
                0x0000000008001470       0x10 /tmp/ccweVGv9.ltrans0.ltrans.o
                0x0000000008001470                test_005_001_teardown.9253
 .text.chSysGetStatusAndLockX.part.1.4323
                0x0000000008001480       0x20 /tmp/ccweVGv9.ltrans0.ltrans.o
                0x0000000008001480                chSysGetStatusAndLockX.part.1.4323
 .text._unhandled_exception.4427
                0x00000000080014a0       0x10 /tmp/ccweVGv9.ltrans0.ltrans.o
                0x00000000080014a0                Vector58
                0x00000000080014a0                VectorE8
                0x00000000080014a0                Vector9C
                0x00000000080014a0                VectorAC
                0x00000000080014a0                DebugMon_Handler
                0x00000000080014a0                Vector5C
                0x00000000080014a0                Vector11C
                0x00000000080014a0                HardFault_Handler
                0x00000000080014a0                Vector8C
                0x00000000080014a0                SysTick_Handler
                0x00000000080014a0                VectorDC
                0x00000000080014a0                PendSV_Handler
                0x00000000080014a0                NMI_Handler
                0x00000000080014a0                Vector110
                0x00000000080014a0                Vector120
                0x00000000080014a0                VectorC8
                0x00000000080014a0                Vector94
                0x00000000080014a0                VectorA8
                0x00000000080014a0                VectorB4
                0x00000000080014a0                Vector74
                0x00000000080014a0                UsageFault_Handler
                0x00000000080014a0                VectorEC
                0x00000000080014a0                Vector40
                0x00000000080014a0                VectorF8
                0x00000000080014a0                Vector108
                0x00000000080014a0                VectorBC
                0x00000000080014a0                Vector150
                0x00000000080014a0                Vector124
                0x00000000080014a0                Vector148
                0x00000000080014a0                Vector118
                0x00000000080014a0                Vector64
                0x00000000080014a0                VectorCC
                0x00000000080014a0                Vector54
                0x00000000080014a0                Vector98
                0x00000000080014a0                VectorD8
                0x00000000080014a0                Vector138
                0x00000000080014a0                Vector24
                0x00000000080014a0                Vector84
                0x00000000080014a0                VectorD0
                0x00000000080014a0                Vector140
                0x00000000080014a0                VectorE4
                0x00000000080014a0                VectorC0
                0x00000000080014a0                Vector158
                0x00000000080014a0                Vector130
                0x00000000080014a0                Vector134
                0x00000000080014a0                VectorF0
                0x00000000080014a0                Vector12C
                0x00000000080014a0                Vector13C
                0x00000000080014a0                Vector100
                0x00000000080014a0                VectorE0
                0x00000000080014a0                VectorF4
                0x00000000080014a0                MemManage_Handler
                0x00000000080014a0                Vector6C
                0x00000000080014a0                VectorA0
                0x00000000080014a0                VectorC4
                0x00000000080014a0                Vector7C
                0x00000000080014a0                Vector90
                0x00000000080014a0                Vector114
                0x00000000080014a0                Vector60
                0x00000000080014a0                Vector1C
                0x00000000080014a0                Vector48
                0x00000000080014a0                Vector70
                0x00000000080014a0                Vector4C
                0x00000000080014a0                Vector144
                0x00000000080014a0                Vector80
                0x00000000080014a0                Vector15C
                0x00000000080014a0                Vector68
                0x00000000080014a0                Vector78
                0x00000000080014a0                Vector88
                0x00000000080014a0                Vector104
                0x00000000080014a0                Vector10C
                0x00000000080014a0                Vector14C
                0x00000000080014a0                BusFault_Handler
                0x00000000080014a0                Vector50
                0x00000000080014a0                Vector154
                0x00000000080014a0                Vector44
                0x00000000080014a0                Vector28
                0x00000000080014a0                VectorB8
                0x00000000080014a0                VectorFC
                0x00000000080014a0                Vector34
                0x00000000080014a0                Vector128
                0x00000000080014a0                VectorA4
                0x00000000080014a0                Vector20
 .text.test_006_009_setup.9496
                0x00000000080014b0       0x30 /tmp/ccweVGv9.ltrans1.ltrans.o
                0x00000000080014b0                test_006_009_setup.9496
 .text.test_006_008_setup.9498
                0x00000000080014e0       0x20 /tmp/ccweVGv9.ltrans1.ltrans.o
                0x00000000080014e0                test_006_008_setup.9498
 .text.test_006_007_setup.9500
                0x0000000008001500       0x20 /tmp/ccweVGv9.ltrans1.ltrans.o
                0x0000000008001500                test_006_007_setup.9500
 .text.test_006_005_setup.9502
                0x0000000008001520       0x20 /tmp/ccweVGv9.ltrans1.ltrans.o
                0x0000000008001520                test_006_005_setup.9502
 .text.test_006_004_setup.9504
                0x0000000008001540       0x20 /tmp/ccweVGv9.ltrans1.ltrans.o
                0x0000000008001540                test_006_004_setup.9504
 .text.test_006_001_setup.9506
                0x0000000008001560       0x20 /tmp/ccweVGv9.ltrans1.ltrans.o
                0x0000000008001560                test_006_001_setup.9506
 .text.test_010_002_setup.10255
                0x0000000008001580       0x20 /tmp/ccweVGv9.ltrans1.ltrans.o
                0x0000000008001580                test_010_002_setup.10255
 .text.test_013_010_setup.10707
                0x00000000080015a0       0x20 /tmp/ccweVGv9.ltrans1.ltrans.o
                0x00000000080015a0                test_013_010_setup.10707
 .text.test_013_007_setup.10709
                0x00000000080015c0       0x20 /tmp/ccweVGv9.ltrans1.ltrans.o
                0x00000000080015c0                test_013_007_setup.10709
 .text.test_005_005_setup.9243
                0x00000000080015e0       0x20 /tmp/ccweVGv9.ltrans1.ltrans.o
                0x00000000080015e0                test_005_005_setup.9243
 .text.test_005_004_setup.9245
                0x0000000008001600       0x20 /tmp/ccweVGv9.ltrans1.ltrans.o
                0x0000000008001600                test_005_004_setup.9245
 .text.test_005_003_setup.9247
                0x0000000008001620       0x20 /tmp/ccweVGv9.ltrans1.ltrans.o
                0x0000000008001620                test_005_003_setup.9247
 .text.test_005_002_setup.9249
                0x0000000008001640       0x20 /tmp/ccweVGv9.ltrans1.ltrans.o
                0x0000000008001640                test_005_002_setup.9249
 .text.test_005_001_setup.9251
                0x0000000008001660       0x20 /tmp/ccweVGv9.ltrans1.ltrans.o
                0x0000000008001660                test_005_001_setup.9251
 .text.VectorB0.4130
                0x0000000008001680       0xb0 /tmp/ccweVGv9.ltrans1.ltrans.o
 .text.thread8.9480
                0x0000000008001730       0xa0 /tmp/ccweVGv9.ltrans1.ltrans.o
                0x0000000008001730                thread8.9480
 .text.test_001_002_execute.8617
                0x00000000080017d0      0x330 /tmp/ccweVGv9.ltrans1.ltrans.o
                0x00000000080017d0                test_001_002_execute.8617
 .text.test_001_001_execute.8619
                0x0000000008001b00       0xa0 /tmp/ccweVGv9.ltrans1.ltrans.o
                0x0000000008001b00                test_001_001_execute.8619
 .text.test_013_009_execute.10711
                0x0000000008001ba0       0xb0 /tmp/ccweVGv9.ltrans1.ltrans.o
                0x0000000008001ba0                test_013_009_execute.10711
 .text.Thread2.11005
                0x0000000008001c50       0x40 /tmp/ccweVGv9.ltrans1.ltrans.o
                0x0000000008001c50                Thread2.11005
 .text.Thread1.11008
                0x0000000008001c90       0x40 /tmp/ccweVGv9.ltrans1.ltrans.o
                0x0000000008001c90                Thread1.11008
 .text.thread4A.9489.4247
                0x0000000008001cd0       0x20 /tmp/ccweVGv9.ltrans1.ltrans.o
 .text.evt_thread3.9844
                0x0000000008001cf0       0x30 /tmp/ccweVGv9.ltrans1.ltrans.o
                0x0000000008001cf0                evt_thread3.9844
 .text.thread4B.9486.4250
                0x0000000008001d20       0x30 /tmp/ccweVGv9.ltrans1.ltrans.o
 .text.test_006_004_execute.9516
                0x0000000008001d50      0x170 /tmp/ccweVGv9.ltrans1.ltrans.o
                0x0000000008001d50                test_006_004_execute.9516
 .text.thread2.9240
                0x0000000008001ec0       0x30 /tmp/ccweVGv9.ltrans1.ltrans.o
                0x0000000008001ec0                thread2.9240
 .text.chSemWaitTimeoutS.part.1.5425
                0x0000000008001ef0       0x30 /tmp/ccweVGv9.ltrans1.ltrans.o
                0x0000000008001ef0                chSemWaitTimeoutS.part.1.5425
 .text.chGuardedPoolAllocTimeout.constprop.11
                0x0000000008001f20       0x60 /tmp/ccweVGv9.ltrans1.ltrans.o
                0x0000000008001f20                chGuardedPoolAllocTimeout.constprop.11
 .text.test_010_003_execute.10251
                0x0000000008001f80       0x30 /tmp/ccweVGv9.ltrans1.ltrans.o
                0x0000000008001f80                test_010_003_execute.10251
 .text.chMtxTryLock.constprop.44.4272
                0x0000000008001fb0       0x40 /tmp/ccweVGv9.ltrans2.ltrans.o
 .text.test_009_001_setup.10103
                0x0000000008001ff0       0x40 /tmp/ccweVGv9.ltrans2.ltrans.o
                0x0000000008001ff0                test_009_001_setup.10103
 .text.test_011_001_setup.10391
                0x0000000008002030       0x30 /tmp/ccweVGv9.ltrans2.ltrans.o
                0x0000000008002030                test_011_001_setup.10391
 .text.test_010_003_setup.10253
                0x0000000008002060       0x20 /tmp/ccweVGv9.ltrans2.ltrans.o
                0x0000000008002060                test_010_003_setup.10253
 .text.bmk_thread4.10693
                0x0000000008002080       0x30 /tmp/ccweVGv9.ltrans2.ltrans.o
                0x0000000008002080                bmk_thread4.10693
 .text.test_006_005_execute.9514
                0x00000000080020b0      0x1b0 /tmp/ccweVGv9.ltrans2.ltrans.o
                0x00000000080020b0                test_006_005_execute.9514
 .text.chHeapAllocAligned.constprop.25.4351
                0x0000000008002260      0x110 /tmp/ccweVGv9.ltrans2.ltrans.o
 .text.thread6.9477
                0x0000000008002370       0x80 /tmp/ccweVGv9.ltrans2.ltrans.o
                0x0000000008002370                thread6.9477
 .text.test_008_002_execute.9863
                0x00000000080023f0       0x60 /tmp/ccweVGv9.ltrans2.ltrans.o
                0x00000000080023f0                test_008_002_execute.9863
 .text.test_011_001_execute.10389
                0x0000000008002450      0x420 /tmp/ccweVGv9.ltrans2.ltrans.o
                0x0000000008002450                test_011_001_execute.10389
 .text.test_011_002_execute.10387
                0x0000000008002870       0x70 /tmp/ccweVGv9.ltrans2.ltrans.o
                0x0000000008002870                test_011_002_execute.10387
 .text.chThdDequeueNextI.constprop.49
                0x00000000080028e0       0x30 /tmp/ccweVGv9.ltrans2.ltrans.o
                0x00000000080028e0                chThdDequeueNextI.constprop.49
 .text.VectorD4
                0x0000000008002910      0x1d0 /tmp/ccweVGv9.ltrans2.ltrans.o
                0x0000000008002910                VectorD4
 .text.chMBFetchI.constprop.15
                0x0000000008002ae0       0x50 /tmp/ccweVGv9.ltrans2.ltrans.o
                0x0000000008002ae0                chMBFetchI.constprop.15
 .text.chMBPostAheadI.constprop.17
                0x0000000008002b30       0x50 /tmp/ccweVGv9.ltrans2.ltrans.o
                0x0000000008002b30                chMBPostAheadI.constprop.17
 .text.chMBPostI.constprop.19
                0x0000000008002b80       0x50 /tmp/ccweVGv9.ltrans2.ltrans.o
                0x0000000008002b80                chMBPostI.constprop.19
 .text.chThdDequeueAllI.constprop.48
                0x0000000008002bd0       0x30 /tmp/ccweVGv9.ltrans2.ltrans.o
                0x0000000008002bd0                chThdDequeueAllI.constprop.48
 .text.chSemSignalWait.constprop.45
                0x0000000008002c00       0x80 /tmp/ccweVGv9.ltrans2.ltrans.o
                0x0000000008002c00                chSemSignalWait.constprop.45
 .text.chCondSignal.constprop.42
                0x0000000008002c80       0x30 /tmp/ccweVGv9.ltrans2.ltrans.o
                0x0000000008002c80                chCondSignal.constprop.42
 .text.chCondSignalI.constprop.41
                0x0000000008002cb0       0x30 /tmp/ccweVGv9.ltrans2.ltrans.o
                0x0000000008002cb0                chCondSignalI.constprop.41
 .text.chEvtGetAndClearEvents.constprop.35
                0x0000000008002ce0       0x20 /tmp/ccweVGv9.ltrans2.ltrans.o
                0x0000000008002ce0                chEvtGetAndClearEvents.constprop.35
 .text.test_008_002_setup.9857
                0x0000000008002d00       0x10 /tmp/ccweVGv9.ltrans2.ltrans.o
                0x0000000008002d00                test_008_002_setup.9857
 .text.test_008_003_setup.9855
                0x0000000008002d10       0x10 /tmp/ccweVGv9.ltrans2.ltrans.o
                0x0000000008002d10                test_008_003_setup.9855
 .text.test_008_004_setup.9853
                0x0000000008002d20       0x10 /tmp/ccweVGv9.ltrans2.ltrans.o
                0x0000000008002d20                test_008_004_setup.9853
 .text.test_008_005_setup.9851
                0x0000000008002d30       0x10 /tmp/ccweVGv9.ltrans2.ltrans.o
                0x0000000008002d30                test_008_005_setup.9851
 .text.test_008_006_setup.9849
                0x0000000008002d40       0x10 /tmp/ccweVGv9.ltrans2.ltrans.o
                0x0000000008002d40                test_008_006_setup.9849
 .text.test_008_007_setup.9847
                0x0000000008002d50       0x20 /tmp/ccweVGv9.ltrans2.ltrans.o
                0x0000000008002d50                test_008_007_setup.9847
 .text.chEvtWaitOne.constprop.31
                0x0000000008002d70       0x40 /tmp/ccweVGv9.ltrans2.ltrans.o
                0x0000000008002d70                chEvtWaitOne.constprop.31
 .text.chEvtWaitAny.constprop.30
                0x0000000008002db0       0x30 /tmp/ccweVGv9.ltrans2.ltrans.o
                0x0000000008002db0                chEvtWaitAny.constprop.30
 .text.chEvtWaitAll.constprop.29
                0x0000000008002de0       0x40 /tmp/ccweVGv9.ltrans2.ltrans.o
                0x0000000008002de0                chEvtWaitAll.constprop.29
 .text.chThdCreateFromHeap.constprop.24
                0x0000000008002e20       0x60 /tmp/ccweVGv9.ltrans2.ltrans.o
                0x0000000008002e20                chThdCreateFromHeap.constprop.24
 .text.chThdCreateFromMemoryPool.constprop.23
                0x0000000008002e80       0x60 /tmp/ccweVGv9.ltrans2.ltrans.o
                0x0000000008002e80                chThdCreateFromMemoryPool.constprop.23
 .text._test_assert_time_window.constprop.2
                0x0000000008002ee0       0x50 /tmp/ccweVGv9.ltrans2.ltrans.o
                0x0000000008002ee0                _test_assert_time_window.constprop.2
 .text.test_008_001_execute.9861
                0x0000000008002f30      0x120 /tmp/ccweVGv9.ltrans3.ltrans.o
                0x0000000008002f30                test_008_001_execute.9861
 .text.test_010_002_execute.10261
                0x0000000008003050      0x140 /tmp/ccweVGv9.ltrans3.ltrans.o
                0x0000000008003050                test_010_002_execute.10261
 .text.bmk_thread1.10696.4193
                0x0000000008003190       0x20 /tmp/ccweVGv9.ltrans3.ltrans.o
 .text.vtcb.8639
                0x00000000080031b0       0x30 /tmp/ccweVGv9.ltrans3.ltrans.o
                0x00000000080031b0                vtcb.8639
 .text.test_010_001_execute.10265
                0x00000000080031e0      0x150 /tmp/ccweVGv9.ltrans3.ltrans.o
                0x00000000080031e0                test_010_001_execute.10265
 .text.test_013_006_execute.10717
                0x0000000008003330       0x80 /tmp/ccweVGv9.ltrans3.ltrans.o
                0x0000000008003330                test_013_006_execute.10717
 .text.test_013_005_execute.10719
                0x00000000080033b0       0x80 /tmp/ccweVGv9.ltrans3.ltrans.o
                0x00000000080033b0                test_013_005_execute.10719
 .text.test_013_004_execute.10721
                0x0000000008003430       0xe0 /tmp/ccweVGv9.ltrans3.ltrans.o
                0x0000000008003430                test_013_004_execute.10721
 .text.test_013_008_execute.10713
                0x0000000008003510       0xf0 /tmp/ccweVGv9.ltrans3.ltrans.o
                0x0000000008003510                test_013_008_execute.10713
 .text.test_013_007_execute.10715
                0x0000000008003600      0x130 /tmp/ccweVGv9.ltrans3.ltrans.o
                0x0000000008003600                test_013_007_execute.10715
 .text.test_013_003_execute.10726
                0x0000000008003730       0xf0 /tmp/ccweVGv9.ltrans3.ltrans.o
                0x0000000008003730                test_013_003_execute.10726
 .text.test_013_002_execute.10728
                0x0000000008003820       0x90 /tmp/ccweVGv9.ltrans3.ltrans.o
                0x0000000008003820                test_013_002_execute.10728
 .text.test_013_001_execute.10730
                0x00000000080038b0       0x90 /tmp/ccweVGv9.ltrans3.ltrans.o
                0x00000000080038b0                test_013_001_execute.10730
 .text.test_012_002_execute.10519
                0x0000000008003940      0x190 /tmp/ccweVGv9.ltrans3.ltrans.o
                0x0000000008003940                test_012_002_execute.10519
 .text.test_012_001_execute.10523
                0x0000000008003ad0      0x180 /tmp/ccweVGv9.ltrans3.ltrans.o
                0x0000000008003ad0                test_012_001_execute.10523
 .text.test_008_005_execute.9880
                0x0000000008003c50      0x100 /tmp/ccweVGv9.ltrans3.ltrans.o
                0x0000000008003c50                test_008_005_execute.9880
 .text.chMBReset.constprop.21
                0x0000000008003d50       0x40 /tmp/ccweVGv9.ltrans3.ltrans.o
                0x0000000008003d50                chMBReset.constprop.21
 .text.test_009_003_execute.10097
                0x0000000008003d90      0x140 /tmp/ccweVGv9.ltrans3.ltrans.o
                0x0000000008003d90                test_009_003_execute.10097
 .text.test_009_001_teardown.10095
                0x0000000008003ed0       0x10 /tmp/ccweVGv9.ltrans3.ltrans.o
                0x0000000008003ed0                test_009_001_teardown.10095
 .text.test_009_002_teardown.10093
                0x0000000008003ee0       0x10 /tmp/ccweVGv9.ltrans3.ltrans.o
                0x0000000008003ee0                test_009_002_teardown.10093
 .text.test_009_003_teardown.10091
                0x0000000008003ef0       0x10 /tmp/ccweVGv9.ltrans3.ltrans.o
                0x0000000008003ef0                test_009_003_teardown.10091
 .text.test_008_006_execute.9876
                0x0000000008003f00      0x1b0 /tmp/ccweVGv9.ltrans4.ltrans.o
                0x0000000008003f00                test_008_006_execute.9876
 .text.test_005_006_execute.9261
                0x00000000080040b0      0x1d0 /tmp/ccweVGv9.ltrans4.ltrans.o
                0x00000000080040b0                test_005_006_execute.9261
 .text.thread4.9231.4116
                0x0000000008004280       0x30 /tmp/ccweVGv9.ltrans4.ltrans.o
 .text.test_005_003_execute.9283
                0x00000000080042b0      0x210 /tmp/ccweVGv9.ltrans4.ltrans.o
                0x00000000080042b0                test_005_003_execute.9283
 .text.test_002_002_execute.8660
                0x00000000080044c0       0xe0 /tmp/ccweVGv9.ltrans4.ltrans.o
                0x00000000080044c0                test_002_002_execute.8660
 .text.test_004_001_execute.9052
                0x00000000080045a0      0x120 /tmp/ccweVGv9.ltrans4.ltrans.o
                0x00000000080045a0                test_004_001_execute.9052
 .text.evt_thread7.9841.4211
                0x00000000080046c0       0x50 /tmp/ccweVGv9.ltrans4.ltrans.o
 .text.test_008_007_execute.9859
                0x0000000008004710      0x160 /tmp/ccweVGv9.ltrans4.ltrans.o
                0x0000000008004710                test_008_007_execute.9859
 .text.test_009_001_execute.10107
                0x0000000008004870      0x390 /tmp/ccweVGv9.ltrans4.ltrans.o
                0x0000000008004870                test_009_001_execute.10107
 .text.__late_init
                0x0000000008004c00       0x10 /tmp/ccweVGv9.ltrans4.ltrans.o
                0x0000000008004c00                __late_init
 .text.__core_init
                0x0000000008004c10       0x10 /tmp/ccweVGv9.ltrans4.ltrans.o
                0x0000000008004c10                __core_init
 .text.test_010_001_setup.10257
                0x0000000008004c20       0x20 /tmp/ccweVGv9.ltrans5.ltrans.o
                0x0000000008004c20                test_010_001_setup.10257
 .text.test_003_004_execute.8787
                0x0000000008004c40       0xf0 /tmp/ccweVGv9.ltrans5.ltrans.o
                0x0000000008004c40                test_003_004_execute.8787
 .text.thread1.9045
                0x0000000008004d30       0x40 /tmp/ccweVGv9.ltrans5.ltrans.o
                0x0000000008004d30                thread1.9045
 .text.chVTDoSetI
                0x0000000008004d70       0xa0 /tmp/ccweVGv9.ltrans5.ltrans.o
                0x0000000008004d70                chVTDoSetI
 .text.chSchGoSleepTimeoutS
                0x0000000008004e10       0x60 /tmp/ccweVGv9.ltrans5.ltrans.o
                0x0000000008004e10                chSchGoSleepTimeoutS
 .text.chThdSleep
                0x0000000008004e70       0x20 /tmp/ccweVGv9.ltrans5.ltrans.o
                0x0000000008004e70                chThdSleep
 .text.test_003_001_execute.8795
                0x0000000008004e90       0xe0 /tmp/ccweVGv9.ltrans5.ltrans.o
                0x0000000008004e90                test_003_001_execute.8795
 .text.test_wait_tick
                0x0000000008004f70       0x20 /tmp/ccweVGv9.ltrans5.ltrans.o
                0x0000000008004f70                test_wait_tick
 .text.test_013_011_execute.10701
                0x0000000008004f90       0xb0 /tmp/ccweVGv9.ltrans5.ltrans.o
                0x0000000008004f90                test_013_011_execute.10701
 .text.test_013_010_execute.10705
                0x0000000008005040       0xb0 /tmp/ccweVGv9.ltrans5.ltrans.o
                0x0000000008005040                test_013_010_execute.10705
 .text.msg_loop_test.10723
                0x00000000080050f0       0x40 /tmp/ccweVGv9.ltrans5.ltrans.o
                0x00000000080050f0                msg_loop_test.10723
 .text.chThdEnqueueTimeoutS.4263
                0x0000000008005130       0x30 /tmp/ccweVGv9.ltrans5.ltrans.o
 .text.iqGetTimeout.4136
                0x0000000008005160       0x60 /tmp/ccweVGv9.ltrans5.ltrans.o
 .text._gett.7731
                0x00000000080051c0       0x10 /tmp/ccweVGv9.ltrans5.ltrans.o
                0x00000000080051c0                _gett.7731
 .text._get.7735
                0x00000000080051d0       0x10 /tmp/ccweVGv9.ltrans5.ltrans.o
                0x00000000080051d0                _get.7735
 .text.iqReadTimeout.4170
                0x00000000080051e0       0xc0 /tmp/ccweVGv9.ltrans5.ltrans.o
 .text._readt.7706
                0x00000000080052a0       0x10 /tmp/ccweVGv9.ltrans5.ltrans.o
                0x00000000080052a0                _readt.7706
 .text._read.7715
                0x00000000080052b0       0x10 /tmp/ccweVGv9.ltrans5.ltrans.o
                0x00000000080052b0                _read.7715
 .text.oqPutTimeout.4185
                0x00000000080052c0       0x60 /tmp/ccweVGv9.ltrans5.ltrans.o
 .text._putt.7738
                0x0000000008005320       0x10 /tmp/ccweVGv9.ltrans5.ltrans.o
                0x0000000008005320                _putt.7738
 .text._put.7743
                0x0000000008005330       0x10 /tmp/ccweVGv9.ltrans5.ltrans.o
                0x0000000008005330                _put.7743
 .text.oqWriteTimeout.4207
                0x0000000008005340       0xb0 /tmp/ccweVGv9.ltrans5.ltrans.o
 .text._writet.7720
                0x00000000080053f0       0x10 /tmp/ccweVGv9.ltrans5.ltrans.o
                0x00000000080053f0                _writet.7720
 .text._write.7726
                0x0000000008005400       0x10 /tmp/ccweVGv9.ltrans5.ltrans.o
                0x0000000008005400                _write.7726
 .text.chMBPost.constprop.20
                0x0000000008005410       0x90 /tmp/ccweVGv9.ltrans5.ltrans.o
                0x0000000008005410                chMBPost.constprop.20
 .text.chMBPostAhead.constprop.18
                0x00000000080054a0       0x90 /tmp/ccweVGv9.ltrans5.ltrans.o
                0x00000000080054a0                chMBPostAhead.constprop.18
 .text.chMBFetch.constprop.16
                0x0000000008005530       0x80 /tmp/ccweVGv9.ltrans5.ltrans.o
                0x0000000008005530                chMBFetch.constprop.16
 .text.test_009_002_execute.10105
                0x00000000080055b0      0x360 /tmp/ccweVGv9.ltrans5.ltrans.o
                0x00000000080055b0                test_009_002_execute.10105
 .text.chThdCreateStatic.constprop.52
                0x0000000008005910       0xb0 /tmp/ccweVGv9.ltrans5.ltrans.o
                0x0000000008005910                chThdCreateStatic.constprop.52
 .text.test_005_005_execute.9271
                0x00000000080059c0       0xc0 /tmp/ccweVGv9.ltrans5.ltrans.o
                0x00000000080059c0                test_005_005_execute.9271
 .text.test_009_002_setup.10101
                0x0000000008005a80       0x40 /tmp/ccweVGv9.ltrans6.ltrans.o
                0x0000000008005a80                test_009_002_setup.10101
 .text.test_009_003_setup.10099
                0x0000000008005ac0       0x40 /tmp/ccweVGv9.ltrans6.ltrans.o
                0x0000000008005ac0                test_009_003_setup.10099
 .text.test_012_001_setup.10525
                0x0000000008005b00       0x30 /tmp/ccweVGv9.ltrans6.ltrans.o
                0x0000000008005b00                test_012_001_setup.10525
 .text.test_013_011_setup.10703
                0x0000000008005b30       0x20 /tmp/ccweVGv9.ltrans6.ltrans.o
                0x0000000008005b30                test_013_011_setup.10703
 .text.chThdRelease
                0x0000000008005b50       0x70 /tmp/ccweVGv9.ltrans6.ltrans.o
                0x0000000008005b50                chThdRelease
 .text.chThdWait
                0x0000000008005bc0       0x40 /tmp/ccweVGv9.ltrans6.ltrans.o
                0x0000000008005bc0                chThdWait
 .text.test_wait_threads
                0x0000000008005c00       0x30 /tmp/ccweVGv9.ltrans6.ltrans.o
                0x0000000008005c00                test_wait_threads
 .text.test_008_004_execute.9884
                0x0000000008005c30       0xe0 /tmp/ccweVGv9.ltrans6.ltrans.o
                0x0000000008005c30                test_008_004_execute.9884
 .text.test_008_003_execute.9888
                0x0000000008005d10      0x120 /tmp/ccweVGv9.ltrans6.ltrans.o
                0x0000000008005d10                test_008_003_execute.9888
 .text.test_007_001_execute.9621
                0x0000000008005e30       0x80 /tmp/ccweVGv9.ltrans6.ltrans.o
                0x0000000008005e30                test_007_001_execute.9621
 .text.test_006_004_teardown.9492
                0x0000000008005eb0       0x10 /tmp/ccweVGv9.ltrans6.ltrans.o
                0x0000000008005eb0                test_006_004_teardown.9492
 .text.test_006_009_execute.9494
                0x0000000008005ec0       0xc0 /tmp/ccweVGv9.ltrans6.ltrans.o
                0x0000000008005ec0                test_006_009_execute.9494
 .text.test_006_008_execute.9508
                0x0000000008005f80      0x120 /tmp/ccweVGv9.ltrans6.ltrans.o
                0x0000000008005f80                test_006_008_execute.9508
 .text.test_006_007_execute.9510
                0x00000000080060a0       0xf0 /tmp/ccweVGv9.ltrans6.ltrans.o
                0x00000000080060a0                test_006_007_execute.9510
 .text.test_006_001_execute.9512
                0x0000000008006190      0x110 /tmp/ccweVGv9.ltrans6.ltrans.o
                0x0000000008006190                test_006_001_execute.9512
 .text.test_005_006_teardown.9263
                0x00000000080062a0       0x10 /tmp/ccweVGv9.ltrans6.ltrans.o
                0x00000000080062a0                test_005_006_teardown.9263
 .text.test_005_005_teardown.9265
                0x00000000080062b0       0x10 /tmp/ccweVGv9.ltrans6.ltrans.o
                0x00000000080062b0                test_005_005_teardown.9265
 .text.test_005_002_execute.9267
                0x00000000080062c0      0x100 /tmp/ccweVGv9.ltrans6.ltrans.o
                0x00000000080062c0                test_005_002_execute.9267
 .text.test_005_004_execute.9279
                0x00000000080063c0       0xd0 /tmp/ccweVGv9.ltrans6.ltrans.o
                0x00000000080063c0                test_005_004_execute.9279
 .text.test_003_002_execute.8791
                0x0000000008006490      0x260 /tmp/ccweVGv9.ltrans6.ltrans.o
                0x0000000008006490                test_003_002_execute.8791
 .text.startup.main
                0x00000000080066f0      0x6e0 /tmp/ccweVGv9.ltrans7.ltrans.o
                0x00000000080066f0                main
 .text.__early_init
                0x0000000008006dd0       0xa0 /tmp/ccweVGv9.ltrans7.ltrans.o
                0x0000000008006dd0                __early_init
 .text.chThdExit
                0x0000000008006e70       0x60 /tmp/ccweVGv9.ltrans7.ltrans.o
                0x0000000008006e70                chThdExit
 .text.bmk_thread3.10690
                0x0000000008006ed0       0x10 /tmp/ccweVGv9.ltrans7.ltrans.o
                0x0000000008006ed0                bmk_thread3.10690
 .text.chSchDoReschedule
                0x0000000008006ee0       0x40 /tmp/ccweVGv9.ltrans7.ltrans.o
                0x0000000008006ee0                chSchDoReschedule
 .text.__init_ram_areas
                0x0000000008006f20       0x60 /tmp/ccweVGv9.ltrans7.ltrans.o
                0x0000000008006f20                __init_ram_areas
 .text.__default_exit
                0x0000000008006f80       0x10 /tmp/ccweVGv9.ltrans7.ltrans.o
                0x0000000008006f80                __default_exit
 *(.glue_7t)
 .glue_7t       0x0000000000000000        0x0 linker stubs
 *(.glue_7)
 .glue_7        0x0000000000000000        0x0 linker stubs
 *(.gcc*)

.vfp11_veneer   0x0000000008006f90        0x0
 .vfp11_veneer  0x0000000000000000        0x0 linker stubs

.v4_bx          0x0000000008006f90        0x0
 .v4_bx         0x0000000000000000        0x0 linker stubs

.iplt           0x0000000008006f90        0x0
 .iplt          0x0000000000000000        0x0 build/obj/crt0_v7m.o

.rodata         0x0000000008006f90     0x192c
                0x0000000008006f90                . = ALIGN (0x4)
                0x0000000008006f90                __rodata_base__ = .
 *(.rodata)
 *(.rodata.*)
 .rodata.str1.4
                0x0000000008006f90      0x177 /tmp/ccweVGv9.ltrans0.ltrans.o
                                        0x178 (size before relaxing)
 *fill*         0x0000000008007107        0x1 
 .rodata.str1.4
                0x0000000008007108      0x567 /tmp/ccweVGv9.ltrans1.ltrans.o
                                        0x56c (size before relaxing)
 *fill*         0x000000000800766f        0x1 
 .rodata.str1.4
                0x0000000008007670       0xf7 /tmp/ccweVGv9.ltrans2.ltrans.o
                                        0x110 (size before relaxing)
 *fill*         0x0000000008007767        0x1 
 .rodata.evhndl.9919.4486
                0x0000000008007768        0xc /tmp/ccweVGv9.ltrans2.ltrans.o
 .rodata.str1.4
                0x0000000008007774      0x1b2 /tmp/ccweVGv9.ltrans3.ltrans.o
                                        0x204 (size before relaxing)
 *fill*         0x0000000008007926        0x2 
 .rodata.wa     0x0000000008007928       0x14 /tmp/ccweVGv9.ltrans4.ltrans.o
                0x0000000008007928                wa
 .rodata.str1.4
                0x000000000800793c      0x143 /tmp/ccweVGv9.ltrans4.ltrans.o
                                        0x1d4 (size before relaxing)
 *fill*         0x0000000008007a7f        0x1 
 .rodata.str1.4
                0x0000000008007a80       0x6f /tmp/ccweVGv9.ltrans5.ltrans.o
                                        0x1b4 (size before relaxing)
 *fill*         0x0000000008007aef        0x1 
 .rodata.str1.4
                0x0000000008007af0       0x38 /tmp/ccweVGv9.ltrans6.ltrans.o
                                         0xb0 (size before relaxing)
 .rodata.test_005_005.9355.4711
                0x0000000008007b28       0x10 /tmp/ccweVGv9.ltrans7.ltrans.o
 .rodata.test_012_001.10588.4766
                0x0000000008007b38       0x10 /tmp/ccweVGv9.ltrans7.ltrans.o
 .rodata.test_sequence_006
                0x0000000008007b48       0x1c /tmp/ccweVGv9.ltrans7.ltrans.o
 .rodata.idle_descriptor.5931.4361.4790
                0x0000000008007b64       0x18 /tmp/ccweVGv9.ltrans7.ltrans.o
 .rodata.test_sequence_013
                0x0000000008007b7c       0x34 /tmp/ccweVGv9.ltrans7.ltrans.o
 .rodata.test_013_004.10801.4780
                0x0000000008007bb0       0x10 /tmp/ccweVGv9.ltrans7.ltrans.o
 .rodata.test_sequence_008
                0x0000000008007bc0       0x20 /tmp/ccweVGv9.ltrans7.ltrans.o
 .rodata.test_006_008.9593.4722
                0x0000000008007be0       0x10 /tmp/ccweVGv9.ltrans7.ltrans.o
 .rodata.test_011_001.10409.4759
                0x0000000008007bf0       0x10 /tmp/ccweVGv9.ltrans7.ltrans.o
 .rodata.test_002_003.8687.4685
                0x0000000008007c00       0x10 /tmp/ccweVGv9.ltrans7.ltrans.o
 .rodata.test_002_001.8685.4679
                0x0000000008007c10       0x10 /tmp/ccweVGv9.ltrans7.ltrans.o
 .rodata.test_009_001.10131.4743
                0x0000000008007c20       0x10 /tmp/ccweVGv9.ltrans7.ltrans.o
 .rodata.test_013_008.10805.4784
                0x0000000008007c30       0x10 /tmp/ccweVGv9.ltrans7.ltrans.o
 .rodata.test_010_002.10292.4756
                0x0000000008007c40       0x10 /tmp/ccweVGv9.ltrans7.ltrans.o
 .rodata.test_sequence_004
                0x0000000008007c50        0x8 /tmp/ccweVGv9.ltrans7.ltrans.o
 .rodata.str1.4
                0x0000000008007c58      0x86c /tmp/ccweVGv9.ltrans7.ltrans.o
                                        0x878 (size before relaxing)
 .rodata.test_005_003.9353.4709
                0x00000000080084c4       0x10 /tmp/ccweVGv9.ltrans7.ltrans.o
 .rodata.test_013_002.10799.4778
                0x00000000080084d4       0x10 /tmp/ccweVGv9.ltrans7.ltrans.o
 .rodata.test_005_001.9351.4703
                0x00000000080084e4       0x10 /tmp/ccweVGv9.ltrans7.ltrans.o
 .rodata.test_002_002.8686.4684
                0x00000000080084f4       0x10 /tmp/ccweVGv9.ltrans7.ltrans.o
 .rodata.test_012_002.10589.4771
                0x0000000008008504       0x10 /tmp/ccweVGv9.ltrans7.ltrans.o
 .rodata.test_013_006.10803.4782
                0x0000000008008514       0x10 /tmp/ccweVGv9.ltrans7.ltrans.o
 .rodata.test_003_001.8923.4688
                0x0000000008008524       0x10 /tmp/ccweVGv9.ltrans7.ltrans.o
 .rodata.test_011_002.10410.4764
                0x0000000008008534       0x10 /tmp/ccweVGv9.ltrans7.ltrans.o
 .rodata.test_008_004.9965.4738
                0x0000000008008544       0x10 /tmp/ccweVGv9.ltrans7.ltrans.o
 .rodata.test_008_001.9962.4731
                0x0000000008008554       0x10 /tmp/ccweVGv9.ltrans7.ltrans.o
 .rodata.test_008_003.9964.4737
                0x0000000008008564       0x10 /tmp/ccweVGv9.ltrans7.ltrans.o
 .rodata.test_010_001.10291.4751
                0x0000000008008574       0x10 /tmp/ccweVGv9.ltrans7.ltrans.o
 .rodata.test_005_002.9352.4708
                0x0000000008008584       0x10 /tmp/ccweVGv9.ltrans7.ltrans.o
 .rodata.test_013_007.10804.4783
                0x0000000008008594       0x10 /tmp/ccweVGv9.ltrans7.ltrans.o
 .rodata.test_008_002.9963.4736
                0x00000000080085a4       0x10 /tmp/ccweVGv9.ltrans7.ltrans.o
 .rodata.test_001_002.8633.4677
                0x00000000080085b4       0x10 /tmp/ccweVGv9.ltrans7.ltrans.o
 .rodata.test_013_001.10798.4773
                0x00000000080085c4       0x10 /tmp/ccweVGv9.ltrans7.ltrans.o
 .rodata.test_013_012.10809.4788
                0x00000000080085d4       0x10 /tmp/ccweVGv9.ltrans7.ltrans.o
 .rodata.test_006_007.9592.4721
                0x00000000080085e4       0x10 /tmp/ccweVGv9.ltrans7.ltrans.o
 .rodata.test_sequence_011
                0x00000000080085f4        0xc /tmp/ccweVGv9.ltrans7.ltrans.o
 .rodata.test_sequence_001
                0x0000000008008600        0xc /tmp/ccweVGv9.ltrans7.ltrans.o
 .rodata.test_sequence_012
                0x000000000800860c        0xc /tmp/ccweVGv9.ltrans7.ltrans.o
 .rodata.test_sequence_002
                0x0000000008008618       0x14 /tmp/ccweVGv9.ltrans7.ltrans.o
 .rodata.test_sequence_003
                0x000000000800862c       0x14 /tmp/ccweVGv9.ltrans7.ltrans.o
 .rodata.test_sequence_007
                0x0000000008008640        0x8 /tmp/ccweVGv9.ltrans7.ltrans.o
 .rodata.test_sequence_005
                0x0000000008008648       0x1c /tmp/ccweVGv9.ltrans7.ltrans.o
 .rodata.test_006_005.9591.4720
                0x0000000008008664       0x10 /tmp/ccweVGv9.ltrans7.ltrans.o
 .rodata.test_009_003.10133.4749
                0x0000000008008674       0x10 /tmp/ccweVGv9.ltrans7.ltrans.o
 .rodata.test_sequence_009
                0x0000000008008684       0x10 /tmp/ccweVGv9.ltrans7.ltrans.o
 .rodata.test_003_003.8925.4694
                0x0000000008008694       0x10 /tmp/ccweVGv9.ltrans7.ltrans.o
 .rodata.test_008_005.9966.4739
                0x00000000080086a4       0x10 /tmp/ccweVGv9.ltrans7.ltrans.o
 .rodata.ch_debug
                0x00000000080086b4       0x18 /tmp/ccweVGv9.ltrans7.ltrans.o
 .rodata.test_003_002.8924.4693
                0x00000000080086cc       0x10 /tmp/ccweVGv9.ltrans7.ltrans.o
 .rodata.test_001_001.8632.4672
                0x00000000080086dc       0x10 /tmp/ccweVGv9.ltrans7.ltrans.o
 .rodata.test_013_011.10808.4787
                0x00000000080086ec       0x10 /tmp/ccweVGv9.ltrans7.ltrans.o
 .rodata.test_003_004.8926.4695
                0x00000000080086fc       0x10 /tmp/ccweVGv9.ltrans7.ltrans.o
 .rodata.test_sequence_010
                0x000000000800870c       0x10 /tmp/ccweVGv9.ltrans7.ltrans.o
 .rodata.test_006_001.9589.4714
                0x000000000800871c       0x10 /tmp/ccweVGv9.ltrans7.ltrans.o
 .rodata.test_006_004.9590.4719
                0x000000000800872c       0x10 /tmp/ccweVGv9.ltrans7.ltrans.o
 .rodata.test_009_002.10132.4748
                0x000000000800873c       0x10 /tmp/ccweVGv9.ltrans7.ltrans.o
 .rodata.test_008_007.9968.4741
                0x000000000800874c       0x10 /tmp/ccweVGv9.ltrans7.ltrans.o
 .rodata.vmt.7825.4848
                0x000000000800875c       0x20 /tmp/ccweVGv9.ltrans7.ltrans.o
 .rodata.test_013_003.10800.4779
                0x000000000800877c       0x10 /tmp/ccweVGv9.ltrans7.ltrans.o
 .rodata.test_013_005.10802.4781
                0x000000000800878c       0x10 /tmp/ccweVGv9.ltrans7.ltrans.o
 .rodata.test_008_006.9967.4740
                0x000000000800879c       0x10 /tmp/ccweVGv9.ltrans7.ltrans.o
 .rodata.test_004_001.9111.4697
                0x00000000080087ac       0x10 /tmp/ccweVGv9.ltrans7.ltrans.o
 .rodata.test_007_001.9748.4725
                0x00000000080087bc       0x10 /tmp/ccweVGv9.ltrans7.ltrans.o
 .rodata.test_005_006.9356.4712
                0x00000000080087cc       0x10 /tmp/ccweVGv9.ltrans7.ltrans.o
 .rodata.test_005_004.9354.4710
                0x00000000080087dc       0x10 /tmp/ccweVGv9.ltrans7.ltrans.o
 .rodata.test_013_010.10807.4786
                0x00000000080087ec       0x10 /tmp/ccweVGv9.ltrans7.ltrans.o
 .rodata.test_002_004.8688.4686
                0x00000000080087fc       0x10 /tmp/ccweVGv9.ltrans7.ltrans.o
 .rodata.ram_areas.4021.4849
                0x000000000800880c       0x80 /tmp/ccweVGv9.ltrans7.ltrans.o
 .rodata.test_006_009.9594.4723
                0x000000000800888c       0x10 /tmp/ccweVGv9.ltrans7.ltrans.o
 .rodata.test_013_009.10806.4785
                0x000000000800889c       0x10 /tmp/ccweVGv9.ltrans7.ltrans.o
 .rodata.test_010_003.10293.4757
                0x00000000080088ac       0x10 /tmp/ccweVGv9.ltrans7.ltrans.o
                0x00000000080088bc                . = ALIGN (0x4)
                0x00000000080088bc                __rodata_end__ = .

.rel.dyn        0x00000000080088bc        0x0
 .rel.iplt      0x0000000000000000        0x0 build/obj/crt0_v7m.o

.ARM.extab
 *(.ARM.extab* .gnu.linkonce.armextab.*)

.ARM.exidx      0x00000000080088bc        0x0
                0x00000000080088bc                __exidx_start = .
 *(.ARM.exidx* .gnu.linkonce.armexidx.*)
                0x00000000080088bc                __exidx_end = .

.eh_frame_hdr
 *(.eh_frame_hdr)

.eh_frame
 *(.eh_frame)
                0x0000000020000000                __ram0_start__ = ORIGIN (ram0)
                0x0000000000002000                __ram0_size__ = 0x2000
                0x0000000020002000                __ram0_end__ = (__ram0_start__ + __ram0_size__)
                0x0000000000000000                __ram1_start__ = ORIGIN (ram1)
                0x0000000000000000                __ram1_size__ = 0x0
                0x0000000000000000                __ram1_end__ = (__ram1_start__ + __ram1_size__)
                0x0000000000000000                __ram2_start__ = ORIGIN (ram2)
                0x0000000000000000                __ram2_size__ = 0x0
                0x0000000000000000                __ram2_end__ = (__ram2_start__ + __ram2_size__)
                0x0000000000000000                __ram3_start__ = ORIGIN (ram3)
                0x0000000000000000                __ram3_size__ = 0x0
                0x0000000000000000                __ram3_end__ = (__ram3_start__ + __ram3_size__)
                0x0000000000000000                __ram4_start__ = ORIGIN (ram4)
                0x0000000000000000                __ram4_size__ = 0x0
                0x0000000000000000                __ram4_end__ = (__ram4_start__ + __ram4_size__)
                0x0000000000000000                __ram5_start__ = ORIGIN (ram5)
                0x0000000000000000                __ram5_size__ = 0x0
                0x0000000000000000                __ram5_end__ = (__ram5_start__ + __ram5_size__)
                0x0000000000000000                __ram6_start__ = ORIGIN (ram6)
                0x0000000000000000                __ram6_size__ = 0x0
                0x0000000000000000                __ram6_end__ = (__ram6_start__ + __ram6_size__)
                0x0000000000000000                __ram7_start__ = ORIGIN (ram7)
                0x0000000000000000                __ram7_size__ = 0x0
                0x0000000000000000                __ram7_end__ = (__ram7_start__ + __ram7_size__)

.data           0x0000000020000800       0xb4 load address 0x00000000080088bc
                0x0000000020000800                . = ALIGN (0x4)
                0x00000000080088bc                PROVIDE (_textdata, LOADADDR (.data))
                0x0000000020000800                PROVIDE (_data, .)
                0x00000000080088bc                _textdata_start = LOADADDR (.data)
                0x0000000020000800                _data_start = .
 *(.data)
 *(.data.*)
 .data.m2.9545  0x0000000020000800       0x10 /tmp/ccweVGv9.ltrans1.ltrans.o
                0x0000000020000800                m2.9545
 .data.mp1.10281
                0x0000000020000810        0xc /tmp/ccweVGv9.ltrans3.ltrans.o
                0x0000000020000810                mp1.10281
 .data.gmp1.10280
                0x000000002000081c       0x18 /tmp/ccweVGv9.ltrans3.ltrans.o
                0x000000002000081c                gmp1.10280
 .data.es2.9917
                0x0000000020000834        0x4 /tmp/ccweVGv9.ltrans4.ltrans.o
                0x0000000020000834                es2.9917
 .data.mb1.10121
                0x0000000020000838       0x28 /tmp/ccweVGv9.ltrans4.ltrans.o
                0x0000000020000838                mb1.10121
 .data.es1.9918
                0x0000000020000860        0x4 /tmp/ccweVGv9.ltrans4.ltrans.o
                0x0000000020000860                es1.9918
 .data.c1.9544  0x0000000020000864        0x8 /tmp/ccweVGv9.ltrans6.ltrans.o
                0x0000000020000864                c1.9544
 .data.m1.9546  0x000000002000086c       0x10 /tmp/ccweVGv9.ltrans6.ltrans.o
                0x000000002000086c                m1.9546
 .data.test_suite
                0x000000002000087c       0x38 /tmp/ccweVGv9.ltrans7.ltrans.o
 *(.ramtext)
                0x00000000200008b4                . = ALIGN (0x4)
                0x00000000200008b4                PROVIDE (_edata, .)
                0x00000000200008b4                _data_end = .

.igot.plt       0x00000000200008b4        0x0 load address 0x0000000008008970
 .igot.plt      0x0000000000000000        0x0 build/obj/crt0_v7m.o

.bss            0x00000000200008b8      0xbf0 load address 0x0000000008008970
                0x00000000200008b8                . = ALIGN (0x4)
                0x00000000200008b8                _bss_start = .
 *(.bss)
 *(.bss.*)
 .bss.vt2.6657.10762.4466
                0x00000000200008b8       0x14 /tmp/ccweVGv9.ltrans1.ltrans.o
 .bss.vt1.6656.10763.4465
                0x00000000200008cc       0x14 /tmp/ccweVGv9.ltrans1.ltrans.o
 .bss.test_heap.4527
                0x00000000200008e0       0x20 /tmp/ccweVGv9.ltrans2.ltrans.o
 .bss.objects.10282.4437
                0x0000000020000900       0x10 /tmp/ccweVGv9.ltrans3.ltrans.o
 .bss.sem1.10761
                0x0000000020000910        0xc /tmp/ccweVGv9.ltrans3.ltrans.o
                0x0000000020000910                sem1.10761
 *fill*         0x000000002000091c        0x4 
 .bss.heap1.10541
                0x0000000020000920       0x20 /tmp/ccweVGv9.ltrans3.ltrans.o
                0x0000000020000920                heap1.10541
 .bss.mp1.10540
                0x0000000020000940        0xc /tmp/ccweVGv9.ltrans3.ltrans.o
                0x0000000020000940                mp1.10540
 *fill*         0x000000002000094c        0x4 
 .bss.test_buffer
                0x0000000020000950      0x668 /tmp/ccweVGv9.ltrans4.ltrans.o
                0x0000000020000950                test_buffer
 .bss.mb_buffer.10122
                0x0000000020000fb8       0x10 /tmp/ccweVGv9.ltrans4.ltrans.o
                0x0000000020000fb8                mb_buffer.10122
 .bss.sem1.9308
                0x0000000020000fc8        0xc /tmp/ccweVGv9.ltrans4.ltrans.o
                0x0000000020000fc8                sem1.9308
 .bss.threads   0x0000000020000fd4       0x14 /tmp/ccweVGv9.ltrans4.ltrans.o
                0x0000000020000fd4                threads
 .bss.tr1.9068  0x0000000020000fe8        0x4 /tmp/ccweVGv9.ltrans4.ltrans.o
                0x0000000020000fe8                tr1.9068
 .bss.mtx1.10760
                0x0000000020000fec       0x10 /tmp/ccweVGv9.ltrans6.ltrans.o
                0x0000000020000fec                mtx1.10760
 .bss.test_tokens_buffer.8392
                0x0000000020000ffc       0x10 /tmp/ccweVGv9.ltrans7.ltrans.o
                0x0000000020000ffc                test_tokens_buffer.8392
 .bss.ch_memcore
                0x000000002000100c        0x8 /tmp/ccweVGv9.ltrans7.ltrans.o
                0x000000002000100c                ch_memcore
 .bss.test_local_fail.8393
                0x0000000020001014        0x1 /tmp/ccweVGv9.ltrans7.ltrans.o
                0x0000000020001014                test_local_fail.8393
 *fill*         0x0000000020001015        0x3 
 .bss.test_failure_message.8395
                0x0000000020001018        0x4 /tmp/ccweVGv9.ltrans7.ltrans.o
                0x0000000020001018                test_failure_message.8395
 .bss.test_global_fail
                0x000000002000101c        0x1 /tmp/ccweVGv9.ltrans7.ltrans.o
                0x000000002000101c                test_global_fail
 *fill*         0x000000002000101d        0x3 
 .bss.SD1       0x0000000020001020       0x7c /tmp/ccweVGv9.ltrans7.ltrans.o
                0x0000000020001020                SD1
 *fill*         0x000000002000109c        0x4 
 .bss.ch_idle_thread_wa.4791
                0x00000000200010a0       0xd8 /tmp/ccweVGv9.ltrans7.ltrans.o
 .bss.waThread1.11030.4823
                0x0000000020001178      0x148 /tmp/ccweVGv9.ltrans7.ltrans.o
 .bss.ch        0x00000000200012c0       0x70 /tmp/ccweVGv9.ltrans7.ltrans.o
                0x00000000200012c0                ch
 .bss.test_step
                0x0000000020001330        0x4 /tmp/ccweVGv9.ltrans7.ltrans.o
                0x0000000020001330                test_step
 .bss.test_chp.8390
                0x0000000020001334        0x4 /tmp/ccweVGv9.ltrans7.ltrans.o
                0x0000000020001334                test_chp.8390
 .bss.default_heap.6753
                0x0000000020001338       0x20 /tmp/ccweVGv9.ltrans7.ltrans.o
                0x0000000020001338                default_heap.6753
 .bss.test_tokp.8391
                0x0000000020001358        0x4 /tmp/ccweVGv9.ltrans7.ltrans.o
                0x0000000020001358                test_tokp.8391
 *fill*         0x000000002000135c        0x4 
 .bss.waThread2.11029.4824
                0x0000000020001360      0x148 /tmp/ccweVGv9.ltrans7.ltrans.o
 *(COMMON)
                0x00000000200014a8                . = ALIGN (0x4)
                0x00000000200014a8                _bss_end = .
                0x00000000200014a8                PROVIDE (end, .)

.ram0_init      0x00000000200014a8        0x0 load address 0x0000000008008970
                0x00000000200014a8                . = ALIGN (0x4)
                0x0000000008008970                __ram0_init_text__ = LOADADDR (.ram0_init)
                0x00000000200014a8                __ram0_init__ = .
 *(.ram0_init)
 *(.ram0_init.*)
                0x00000000200014a8                . = ALIGN (0x4)

.ram0           0x00000000200014a8        0x0 load address 0x0000000008008970
                0x00000000200014a8                . = ALIGN (0x4)
                0x00000000200014a8                __ram0_clear__ = .
 *(.ram0_clear)
 *(.ram0_clear.*)
                0x00000000200014a8                . = ALIGN (0x4)
                0x00000000200014a8                __ram0_noinit__ = .
 *(.ram0)
 *(.ram0.*)
                0x00000000200014a8                . = ALIGN (0x4)
                0x00000000200014a8                __ram0_free__ = .

.ram1_init      0x0000000000000000        0x0 load address 0x0000000008008970
                0x0000000000000000                . = ALIGN (0x4)
                0x0000000008008970                __ram1_init_text__ = LOADADDR (.ram1_init)
                0x0000000000000000                __ram1_init__ = .
 *(.ram1_init)
 *(.ram1_init.*)
                0x0000000000000000                . = ALIGN (0x4)

.ram1           0x0000000000000000        0x0 load address 0x0000000008008970
                0x0000000000000000                . = ALIGN (0x4)
                0x0000000000000000                __ram1_clear__ = .
 *(.ram1_clear)
 *(.ram1_clear.*)
                0x0000000000000000                . = ALIGN (0x4)
                0x0000000000000000                __ram1_noinit__ = .
 *(.ram1)
 *(.ram1.*)
                0x0000000000000000                . = ALIGN (0x4)
                0x0000000000000000                __ram1_free__ = .

.ram2_init      0x0000000000000000        0x0 load address 0x0000000008008970
                0x0000000000000000                . = ALIGN (0x4)
                0x0000000008008970                __ram2_init_text__ = LOADADDR (.ram2_init)
                0x0000000000000000                __ram2_init__ = .
 *(.ram2_init)
 *(.ram2_init.*)
                0x0000000000000000                . = ALIGN (0x4)

.ram2           0x0000000000000000        0x0 load address 0x0000000008008970
                0x0000000000000000                . = ALIGN (0x4)
                0x0000000000000000                __ram2_clear__ = .
 *(.ram2_clear)
 *(.ram2_clear.*)
                0x0000000000000000                . = ALIGN (0x4)
                0x0000000000000000                __ram2_noinit__ = .
 *(.ram2)
 *(.ram2.*)
                0x0000000000000000                . = ALIGN (0x4)
                0x0000000000000000                __ram2_free__ = .

.ram3_init      0x0000000000000000        0x0 load address 0x0000000008008970
                0x0000000000000000                . = ALIGN (0x4)
                0x0000000008008970                __ram3_init_text__ = LOADADDR (.ram3_init)
                0x0000000000000000                __ram3_init__ = .
 *(.ram3_init)
 *(.ram3_init.*)
                0x0000000000000000                . = ALIGN (0x4)

.ram3           0x0000000000000000        0x0 load address 0x0000000008008970
                0x0000000000000000                . = ALIGN (0x4)
                0x0000000000000000                __ram3_clear__ = .
 *(.ram3_clear)
 *(.ram3_clear.*)
                0x0000000000000000                . = ALIGN (0x4)
                0x0000000000000000                __ram3_noinit__ = .
 *(.ram3)
 *(.ram3.*)
                0x0000000000000000                . = ALIGN (0x4)
                0x0000000000000000                __ram3_free__ = .

.ram4_init      0x0000000000000000        0x0 load address 0x0000000008008970
                0x0000000000000000                . = ALIGN (0x4)
                0x0000000008008970                __ram4_init_text__ = LOADADDR (.ram4_init)
                0x0000000000000000                __ram4_init__ = .
 *(.ram4_init)
 *(.ram4_init.*)
                0x0000000000000000                . = ALIGN (0x4)

.ram4           0x0000000000000000        0x0 load address 0x0000000008008970
                0x0000000000000000                . = ALIGN (0x4)
                0x0000000000000000                __ram4_clear__ = .
 *(.ram4_clear)
 *(.ram4_clear.*)
                0x0000000000000000                . = ALIGN (0x4)
                0x0000000000000000                __ram4_noinit__ = .
 *(.ram4)
 *(.ram4.*)
                0x0000000000000000                . = ALIGN (0x4)
                0x0000000000000000                __ram4_free__ = .

.ram5_init      0x0000000000000000        0x0 load address 0x0000000008008970
                0x0000000000000000                . = ALIGN (0x4)
                0x0000000008008970                __ram5_init_text__ = LOADADDR (.ram5_init)
                0x0000000000000000                __ram5_init__ = .
 *(.ram5_init)
 *(.ram5_init.*)
                0x0000000000000000                . = ALIGN (0x4)

.ram5           0x0000000000000000        0x0 load address 0x0000000008008970
                0x0000000000000000                . = ALIGN (0x4)
                0x0000000000000000                __ram5_clear__ = .
 *(.ram5_clear)
 *(.ram5_clear.*)
                0x0000000000000000                . = ALIGN (0x4)
                0x0000000000000000                __ram5_noinit__ = .
 *(.ram5)
 *(.ram5.*)
                0x0000000000000000                . = ALIGN (0x4)
                0x0000000000000000                __ram5_free__ = .

.ram6_init      0x0000000000000000        0x0 load address 0x0000000008008970
                0x0000000000000000                . = ALIGN (0x4)
                0x0000000008008970                __ram6_init_text__ = LOADADDR (.ram6_init)
                0x0000000000000000                __ram6_init__ = .
 *(.ram6_init)
 *(.ram6_init.*)
                0x0000000000000000                . = ALIGN (0x4)

.ram6           0x0000000000000000        0x0 load address 0x0000000008008970
                0x0000000000000000                . = ALIGN (0x4)
                0x0000000000000000                __ram6_clear__ = .
 *(.ram6_clear)
 *(.ram6_clear.*)
                0x0000000000000000                . = ALIGN (0x4)
                0x0000000000000000                __ram6_noinit__ = .
 *(.ram6)
 *(.ram6.*)
                0x0000000000000000                . = ALIGN (0x4)
                0x0000000000000000                __ram6_free__ = .

.ram7_init      0x0000000000000000        0x0 load address 0x0000000008008970
                0x0000000000000000                . = ALIGN (0x4)
                0x0000000008008970                __ram7_init_text__ = LOADADDR (.ram7_init)
                0x0000000000000000                __ram7_init__ = .
 *(.ram7_init)
 *(.ram7_init.*)
                0x0000000000000000                . = ALIGN (0x4)

.ram7           0x0000000000000000        0x0 load address 0x0000000008008970
                0x0000000000000000                . = ALIGN (0x4)
                0x0000000000000000                __ram7_clear__ = .
 *(.ram7_clear)
 *(.ram7_clear.*)
                0x0000000000000000                . = ALIGN (0x4)
                0x0000000000000000                __ram7_noinit__ = .
 *(.ram7)
 *(.ram7.*)
                0x0000000000000000                . = ALIGN (0x4)
                0x0000000000000000                __ram7_free__ = .

.heap           0x00000000200014a8      0xb58
                0x00000000200014a8                . = ALIGN (0x8)
                0x00000000200014a8                __heap_base__ = .
                0x0000000020002000                . = (ORIGIN (HEAP_RAM) + 0x2000)
 *fill*         0x00000000200014a8      0xb58 
                0x0000000020002000                __heap_end__ = .
                0x0000000000000400                __process_stack_size__ = 0x400
                0x0000000000000400                __main_stack_size__ = 0x400
START GROUP
LOAD /usr/lib/gcc/arm-none-eabi/4.8.2/armv7-m/libgcc.a
LOAD /usr/lib/gcc/arm-none-eabi/4.8.2/../../../arm-none-eabi/lib/armv7-m/libg.a
LOAD /usr/lib/gcc/arm-none-eabi/4.8.2/../../../arm-none-eabi/lib/armv7-m/libc.a
END GROUP
OUTPUT(build/ch.elf elf32-littlearm)

.ARM.attributes
                0x0000000000000000       0x2d
 .ARM.attributes
                0x0000000000000000       0x21 build/obj/crt0_v7m.o
 .ARM.attributes
                0x0000000000000021       0x21 build/obj/chcoreasm_v7m.o
 .ARM.attributes
                0x0000000000000042       0x31 /tmp/ccweVGv9.ltrans0.ltrans.o
 .ARM.attributes
                0x0000000000000073       0x31 /tmp/ccweVGv9.ltrans1.ltrans.o
 .ARM.attributes
                0x00000000000000a4       0x31 /tmp/ccweVGv9.ltrans2.ltrans.o
 .ARM.attributes
                0x00000000000000d5       0x31 /tmp/ccweVGv9.ltrans3.ltrans.o
 .ARM.attributes
                0x0000000000000106       0x31 /tmp/ccweVGv9.ltrans4.ltrans.o
 .ARM.attributes
                0x0000000000000137       0x31 /tmp/ccweVGv9.ltrans5.ltrans.o
 .ARM.attributes
                0x0000000000000168       0x31 /tmp/ccweVGv9.ltrans6.ltrans.o
 .ARM.attributes
                0x0000000000000199       0x31 /tmp/ccweVGv9.ltrans7.ltrans.o

.comment        0x0000000000000000       0x1f
 .comment       0x0000000000000000       0x1f /tmp/ccweVGv9.ltrans0.ltrans.o
                                         0x20 (size before relaxing)
 .comment       0x0000000000000000       0x20 /tmp/ccweVGv9.ltrans1.ltrans.o
 .comment       0x0000000000000000       0x20 /tmp/ccweVGv9.ltrans2.ltrans.o
 .comment       0x0000000000000000       0x20 /tmp/ccweVGv9.ltrans3.ltrans.o
 .comment       0x0000000000000000       0x20 /tmp/ccweVGv9.ltrans4.ltrans.o
 .comment       0x0000000000000000       0x20 /tmp/ccweVGv9.ltrans5.ltrans.o
 .comment       0x0000000000000000       0x20 /tmp/ccweVGv9.ltrans6.ltrans.o
 .comment       0x0000000000000000       0x20 /tmp/ccweVGv9.ltrans7.ltrans.o

.debug_info     0x0000000000000000    0x1c35d
 .debug_info    0x0000000000000000     0x44c0 /tmp/ccweVGv9.ltrans0.ltrans.o
 .debug_info    0x00000000000044c0     0x30e3 /tmp/ccweVGv9.ltrans1.ltrans.o
 .debug_info    0x00000000000075a3     0x3fa4 /tmp/ccweVGv9.ltrans2.ltrans.o
 .debug_info    0x000000000000b547     0x38c3 /tmp/ccweVGv9.ltrans3.ltrans.o
 .debug_info    0x000000000000ee0a     0x41e8 /tmp/ccweVGv9.ltrans4.ltrans.o
 .debug_info    0x0000000000012ff2     0x42bc /tmp/ccweVGv9.ltrans5.ltrans.o
 .debug_info    0x00000000000172ae     0x25d2 /tmp/ccweVGv9.ltrans6.ltrans.o
 .debug_info    0x0000000000019880     0x2add /tmp/ccweVGv9.ltrans7.ltrans.o

.debug_abbrev   0x0000000000000000     0x2ead
 .debug_abbrev  0x0000000000000000      0x6e8 /tmp/ccweVGv9.ltrans0.ltrans.o
 .debug_abbrev  0x00000000000006e8      0x58e /tmp/ccweVGv9.ltrans1.ltrans.o
 .debug_abbrev  0x0000000000000c76      0x575 /tmp/ccweVGv9.ltrans2.ltrans.o
 .debug_abbrev  0x00000000000011eb      0x5ba /tmp/ccweVGv9.ltrans3.ltrans.o
 .debug_abbrev  0x00000000000017a5      0x5ef /tmp/ccweVGv9.ltrans4.ltrans.o
 .debug_abbrev  0x0000000000001d94      0x64a /tmp/ccweVGv9.ltrans5.ltrans.o
 .debug_abbrev  0x00000000000023de      0x54a /tmp/ccweVGv9.ltrans6.ltrans.o
 .debug_abbrev  0x0000000000002928      0x585 /tmp/ccweVGv9.ltrans7.ltrans.o

.debug_loc      0x0000000000000000     0x5942
 .debug_loc     0x0000000000000000     0x18c7 /tmp/ccweVGv9.ltrans0.ltrans.o
 .debug_loc     0x00000000000018c7      0x3a7 /tmp/ccweVGv9.ltrans1.ltrans.o
 .debug_loc     0x0000000000001c6e      0xe37 /tmp/ccweVGv9.ltrans2.ltrans.o
 .debug_loc     0x0000000000002aa5      0x9a5 /tmp/ccweVGv9.ltrans3.ltrans.o
 .debug_loc     0x000000000000344a      0x9b5 /tmp/ccweVGv9.ltrans4.ltrans.o
 .debug_loc     0x0000000000003dff     0x122c /tmp/ccweVGv9.ltrans5.ltrans.o
 .debug_loc     0x000000000000502b      0x32a /tmp/ccweVGv9.ltrans6.ltrans.o
 .debug_loc     0x0000000000005355      0x5ed /tmp/ccweVGv9.ltrans7.ltrans.o

.debug_aranges  0x0000000000000000      0x790
 .debug_aranges
                0x0000000000000000      0x230 /tmp/ccweVGv9.ltrans0.ltrans.o
 .debug_aranges
                0x0000000000000230      0x100 /tmp/ccweVGv9.ltrans1.ltrans.o
 .debug_aranges
                0x0000000000000330      0x120 /tmp/ccweVGv9.ltrans2.ltrans.o
 .debug_aranges
                0x0000000000000450       0xc0 /tmp/ccweVGv9.ltrans3.ltrans.o
 .debug_aranges
                0x0000000000000510       0x70 /tmp/ccweVGv9.ltrans4.ltrans.o
 .debug_aranges
                0x0000000000000580      0x108 /tmp/ccweVGv9.ltrans5.ltrans.o
 .debug_aranges
                0x0000000000000688       0xb8 /tmp/ccweVGv9.ltrans6.ltrans.o
 .debug_aranges
                0x0000000000000740       0x50 /tmp/ccweVGv9.ltrans7.ltrans.o

.debug_ranges   0x0000000000000000     0x2d90
 .debug_ranges  0x0000000000000000      0x840 /tmp/ccweVGv9.ltrans0.ltrans.o
 .debug_ranges  0x0000000000000840      0x5c0 /tmp/ccweVGv9.ltrans1.ltrans.o
 .debug_ranges  0x0000000000000e00      0x608 /tmp/ccweVGv9.ltrans2.ltrans.o
 .debug_ranges  0x0000000000001408      0x498 /tmp/ccweVGv9.ltrans3.ltrans.o
 .debug_ranges  0x00000000000018a0      0x468 /tmp/ccweVGv9.ltrans4.ltrans.o
 .debug_ranges  0x0000000000001d08      0x638 /tmp/ccweVGv9.ltrans5.ltrans.o
 .debug_ranges  0x0000000000002340      0x3b8 /tmp/ccweVGv9.ltrans6.ltrans.o
 .debug_ranges  0x00000000000026f8      0x698 /tmp/ccweVGv9.ltrans7.ltrans.o

.debug_line     0x0000000000000000     0x6695
 .debug_line    0x0000000000000000     0x136b /tmp/ccweVGv9.ltrans0.ltrans.o
 .debug_line    0x000000000000136b      0xb09 /tmp/ccweVGv9.ltrans1.ltrans.o
 .debug_line    0x0000000000001e74      0xe98 /tmp/ccweVGv9.ltrans2.ltrans.o
 .debug_line    0x0000000000002d0c      0xb87 /tmp/ccweVGv9.ltrans3.ltrans.o
 .debug_line    0x0000000000003893      0xa8f /tmp/ccweVGv9.ltrans4.ltrans.o
 .debug_line    0x0000000000004322      0xd33 /tmp/ccweVGv9.ltrans5.ltrans.o
 .debug_line    0x0000000000005055      0xa4b /tmp/ccweVGv9.ltrans6.ltrans.o
 .debug_line    0x0000000000005aa0      0xbf5 /tmp/ccweVGv9.ltrans7.ltrans.o

.debug_str      0x0000000000000000     0x3d19
 .debug_str     0x0000000000000000      0xfb3 /tmp/ccweVGv9.ltrans0.ltrans.o
                                       0x10b4 (size before relaxing)
 .debug_str     0x0000000000000fb3      0x714 /tmp/ccweVGv9.ltrans1.ltrans.o
                                        0xdfd (size before relaxing)
 .debug_str     0x00000000000016c7      0x616 /tmp/ccweVGv9.ltrans2.ltrans.o
                                        0xec1 (size before relaxing)
 .debug_str     0x0000000000001cdd      0x783 /tmp/ccweVGv9.ltrans3.ltrans.o
                                        0xf52 (size before relaxing)
 .debug_str     0x0000000000002460      0x3b0 /tmp/ccweVGv9.ltrans4.ltrans.o
                                        0xc52 (size before relaxing)
 .debug_str     0x0000000000002810      0x41c /tmp/ccweVGv9.ltrans5.ltrans.o
                                        0xc97 (size before relaxing)
 .debug_str     0x0000000000002c2c      0x460 /tmp/ccweVGv9.ltrans6.ltrans.o
                                        0xb72 (size before relaxing)
 .debug_str     0x000000000000308c      0xc8d /tmp/ccweVGv9.ltrans7.ltrans.o
                                       0x1463 (size before relaxing)

.debug_frame    0x0000000000000000     0x158c
 .debug_frame   0x0000000000000000      0x61c /tmp/ccweVGv9.ltrans0.ltrans.o
 .debug_frame   0x000000000000061c      0x284 /tmp/ccweVGv9.ltrans1.ltrans.o
 .debug_frame   0x00000000000008a0      0x354 /tmp/ccweVGv9.ltrans2.ltrans.o
 .debug_frame   0x0000000000000bf4      0x26c /tmp/ccweVGv9.ltrans3.ltrans.o
 .debug_frame   0x0000000000000e60      0x140 /tmp/ccweVGv9.ltrans4.ltrans.o
 .debug_frame   0x0000000000000fa0      0x328 /tmp/ccweVGv9.ltrans5.ltrans.o
 .debug_frame   0x00000000000012c8      0x214 /tmp/ccweVGv9.ltrans6.ltrans.o
 .debug_frame   0x00000000000014dc       0xb0 /tmp/ccweVGv9.ltrans7.ltrans.o

Cross Reference Table

Symbol                                            File
BusFault_Handler                                  /tmp/ccweVGv9.ltrans0.ltrans.o
                                                  build/obj/vectors.o (symbol from plugin)
                                                  /tmp/ccweVGv9.ltrans1.ltrans.o
DebugMon_Handler                                  /tmp/ccweVGv9.ltrans0.ltrans.o
                                                  build/obj/vectors.o (symbol from plugin)
                                                  /tmp/ccweVGv9.ltrans1.ltrans.o
HardFault_Handler                                 /tmp/ccweVGv9.ltrans0.ltrans.o
                                                  build/obj/vectors.o (symbol from plugin)
                                                  /tmp/ccweVGv9.ltrans1.ltrans.o
MemManage_Handler                                 /tmp/ccweVGv9.ltrans0.ltrans.o
                                                  build/obj/vectors.o (symbol from plugin)
                                                  /tmp/ccweVGv9.ltrans1.ltrans.o
NMI_Handler                                       /tmp/ccweVGv9.ltrans0.ltrans.o
                                                  build/obj/vectors.o (symbol from plugin)
                                                  /tmp/ccweVGv9.ltrans1.ltrans.o
PendSV_Handler                                    /tmp/ccweVGv9.ltrans0.ltrans.o
                                                  build/obj/vectors.o (symbol from plugin)
                                                  /tmp/ccweVGv9.ltrans1.ltrans.o
Reset_Handler                                     build/obj/crt0_v7m.o
                                                  /tmp/ccweVGv9.ltrans1.ltrans.o
                                                  build/obj/vectors.o (symbol from plugin)
SD1                                               /tmp/ccweVGv9.ltrans7.ltrans.o
                                                  build/obj/hal_serial_lld.o (symbol from plugin)
                                                  /tmp/ccweVGv9.ltrans2.ltrans.o
                                                  build/obj/main.o (symbol from plugin)
SVC_Handler                                       /tmp/ccweVGv9.ltrans0.ltrans.o
                                                  build/obj/chcore_v7m.o (symbol from plugin)
                                                  build/obj/vectors.o (symbol from plugin)
                                                  /tmp/ccweVGv9.ltrans1.ltrans.o
SysTick_Handler                                   /tmp/ccweVGv9.ltrans0.ltrans.o
                                                  build/obj/vectors.o (symbol from plugin)
                                                  /tmp/ccweVGv9.ltrans1.ltrans.o
SystemCoreClock                                   build/obj/hal_lld.o (symbol from plugin)
Thread1.11008                                     /tmp/ccweVGv9.ltrans1.ltrans.o
                                                  /tmp/ccweVGv9.ltrans7.ltrans.o
Thread2.11005                                     /tmp/ccweVGv9.ltrans1.ltrans.o
                                                  /tmp/ccweVGv9.ltrans7.ltrans.o
UsageFault_Handler                                /tmp/ccweVGv9.ltrans0.ltrans.o
                                                  build/obj/vectors.o (symbol from plugin)
                                                  /tmp/ccweVGv9.ltrans1.ltrans.o
Vector100                                         /tmp/ccweVGv9.ltrans0.ltrans.o
                                                  build/obj/vectors.o (symbol from plugin)
                                                  /tmp/ccweVGv9.ltrans1.ltrans.o
Vector104                                         /tmp/ccweVGv9.ltrans0.ltrans.o
                                                  build/obj/vectors.o (symbol from plugin)
                                                  /tmp/ccweVGv9.ltrans1.ltrans.o
Vector108                                         /tmp/ccweVGv9.ltrans0.ltrans.o
                                                  build/obj/vectors.o (symbol from plugin)
                                                  /tmp/ccweVGv9.ltrans1.ltrans.o
Vector10C                                         /tmp/ccweVGv9.ltrans0.ltrans.o
                                                  build/obj/vectors.o (symbol from plugin)
                                                  /tmp/ccweVGv9.ltrans1.ltrans.o
Vector110                                         /tmp/ccweVGv9.ltrans0.ltrans.o
                                                  build/obj/vectors.o (symbol from plugin)
                                                  /tmp/ccweVGv9.ltrans1.ltrans.o
Vector114                                         /tmp/ccweVGv9.ltrans0.ltrans.o
                                                  build/obj/vectors.o (symbol from plugin)
                                                  /tmp/ccweVGv9.ltrans1.ltrans.o
Vector118                                         /tmp/ccweVGv9.ltrans0.ltrans.o
                                                  build/obj/vectors.o (symbol from plugin)
                                                  /tmp/ccweVGv9.ltrans1.ltrans.o
Vector11C                                         /tmp/ccweVGv9.ltrans0.ltrans.o
                                                  build/obj/vectors.o (symbol from plugin)
                                                  /tmp/ccweVGv9.ltrans1.ltrans.o
Vector120                                         /tmp/ccweVGv9.ltrans0.ltrans.o
                                                  build/obj/vectors.o (symbol from plugin)
                                                  /tmp/ccweVGv9.ltrans1.ltrans.o
Vector124                                         /tmp/ccweVGv9.ltrans0.ltrans.o
                                                  build/obj/vectors.o (symbol from plugin)
                                                  /tmp/ccweVGv9.ltrans1.ltrans.o
Vector128                                         /tmp/ccweVGv9.ltrans0.ltrans.o
                                                  build/obj/vectors.o (symbol from plugin)
                                                  /tmp/ccweVGv9.ltrans1.ltrans.o
Vector12C                                         /tmp/ccweVGv9.ltrans0.ltrans.o
                                                  build/obj/vectors.o (symbol from plugin)
                                                  /tmp/ccweVGv9.ltrans1.ltrans.o
Vector130                                         /tmp/ccweVGv9.ltrans0.ltrans.o
                                                  build/obj/vectors.o (symbol from plugin)
                                                  /tmp/ccweVGv9.ltrans1.ltrans.o
Vector134                                         /tmp/ccweVGv9.ltrans0.ltrans.o
                                                  build/obj/vectors.o (symbol from plugin)
                                                  /tmp/ccweVGv9.ltrans1.ltrans.o
Vector138                                         /tmp/ccweVGv9.ltrans0.ltrans.o
                                                  build/obj/vectors.o (symbol from plugin)
                                                  /tmp/ccweVGv9.ltrans1.ltrans.o
Vector13C                                         /tmp/ccweVGv9.ltrans0.ltrans.o
                                                  build/obj/vectors.o (symbol from plugin)
                                                  /tmp/ccweVGv9.ltrans1.ltrans.o
Vector140                                         /tmp/ccweVGv9.ltrans0.ltrans.o
                                                  build/obj/vectors.o (symbol from plugin)
                                                  /tmp/ccweVGv9.ltrans1.ltrans.o
Vector144                                         /tmp/ccweVGv9.ltrans0.ltrans.o
                                                  build/obj/vectors.o (symbol from plugin)
                                                  /tmp/ccweVGv9.ltrans1.ltrans.o
Vector148                                         /tmp/ccweVGv9.ltrans0.ltrans.o
                                                  build/obj/vectors.o (symbol from plugin)
                                                  /tmp/ccweVGv9.ltrans1.ltrans.o
Vector14C                                         /tmp/ccweVGv9.ltrans0.ltrans.o
                                                  build/obj/vectors.o (symbol from plugin)
                                                  /tmp/ccweVGv9.ltrans1.ltrans.o
Vector150                                         /tmp/ccweVGv9.ltrans0.ltrans.o
                                                  build/obj/vectors.o (symbol from plugin)
                                                  /tmp/ccweVGv9.ltrans1.ltrans.o
Vector154                                         /tmp/ccweVGv9.ltrans0.ltrans.o
                                                  build/obj/vectors.o (symbol from plugin)
                                                  /tmp/ccweVGv9.ltrans1.ltrans.o
Vector158                                         /tmp/ccweVGv9.ltrans0.ltrans.o
                                                  build/obj/vectors.o (symbol from plugin)
                                                  /tmp/ccweVGv9.ltrans1.ltrans.o
Vector15C                                         /tmp/ccweVGv9.ltrans0.ltrans.o
                                                  build/obj/vectors.o (symbol from plugin)
                                                  /tmp/ccweVGv9.ltrans1.ltrans.o
Vector1C                                          /tmp/ccweVGv9.ltrans0.ltrans.o
                                                  build/obj/vectors.o (symbol from plugin)
                                                  /tmp/ccweVGv9.ltrans1.ltrans.o
Vector20                                          /tmp/ccweVGv9.ltrans0.ltrans.o
                                                  build/obj/vectors.o (symbol from plugin)
                                                  /tmp/ccweVGv9.ltrans1.ltrans.o
Vector24                                          /tmp/ccweVGv9.ltrans0.ltrans.o
                                                  build/obj/vectors.o (symbol from plugin)
                                                  /tmp/ccweVGv9.ltrans1.ltrans.o
Vector28                                          /tmp/ccweVGv9.ltrans0.ltrans.o
                                                  build/obj/vectors.o (symbol from plugin)
                                                  /tmp/ccweVGv9.ltrans1.ltrans.o
Vector34                                          /tmp/ccweVGv9.ltrans0.ltrans.o
                                                  build/obj/vectors.o (symbol from plugin)
                                                  /tmp/ccweVGv9.ltrans1.ltrans.o
Vector40                                          /tmp/ccweVGv9.ltrans0.ltrans.o
                                                  build/obj/vectors.o (symbol from plugin)
                                                  /tmp/ccweVGv9.ltrans1.ltrans.o
Vector44                                          /tmp/ccweVGv9.ltrans0.ltrans.o
                                                  build/obj/vectors.o (symbol from plugin)
                                                  /tmp/ccweVGv9.ltrans1.ltrans.o
Vector48                                          /tmp/ccweVGv9.ltrans0.ltrans.o
                                                  build/obj/vectors.o (symbol from plugin)
                                                  /tmp/ccweVGv9.ltrans1.ltrans.o
Vector4C                                          /tmp/ccweVGv9.ltrans0.ltrans.o
                                                  build/obj/vectors.o (symbol from plugin)
                                                  /tmp/ccweVGv9.ltrans1.ltrans.o
Vector50                                          /tmp/ccweVGv9.ltrans0.ltrans.o
                                                  build/obj/vectors.o (symbol from plugin)
                                                  /tmp/ccweVGv9.ltrans1.ltrans.o
Vector54                                          /tmp/ccweVGv9.ltrans0.ltrans.o
                                                  build/obj/vectors.o (symbol from plugin)
                                                  /tmp/ccweVGv9.ltrans1.ltrans.o